Archive member included to satisfy reference by file (symbol)

/home/alexis/Documents/nanvix/hal/lib/libhal-qemu-arm64.a(_upcall.qemu-arm64.o)
                              (--whole-archive)
/home/alexis/Documents/nanvix/hal/lib/libhal-qemu-arm64.a(sysreg.qemu-arm64.o)
                              (--whole-archive)
/home/alexis/Documents/nanvix/hal/lib/libhal-qemu-arm64.a(exception.qemu-arm64.o)
                              (--whole-archive)
/home/alexis/Documents/nanvix/hal/lib/libhal-qemu-arm64.a(boot.qemu-arm64.o)
                              (--whole-archive)
/home/alexis/Documents/nanvix/hal/lib/libhal-qemu-arm64.a(_cluster.qemu-arm64.o)
                              (--whole-archive)
/home/alexis/Documents/nanvix/hal/lib/libhal-qemu-arm64.a(resource.qemu-arm64.o)
                              (--whole-archive)
/home/alexis/Documents/nanvix/hal/lib/libhal-qemu-arm64.a(log.qemu-arm64.o)
                              (--whole-archive)
/home/alexis/Documents/nanvix/hal/lib/libhal-qemu-arm64.a(hal.qemu-arm64.o)
                              (--whole-archive)
/home/alexis/Documents/nanvix/hal/lib/libhal-qemu-arm64.a(excp.qemu-arm64.o)
                              (--whole-archive)
/home/alexis/Documents/nanvix/hal/lib/libhal-qemu-arm64.a(machine.qemu-arm64.o)
                              (--whole-archive)
/home/alexis/Documents/nanvix/hal/lib/libhal-qemu-arm64.a(mmu.qemu-arm64.o)
                              (--whole-archive)
/home/alexis/Documents/nanvix/hal/lib/libhal-qemu-arm64.a(trap.qemu-arm64.o)
                              (--whole-archive)
/home/alexis/Documents/nanvix/hal/lib/libhal-qemu-arm64.a(perf.qemu-arm64.o)
                              (--whole-archive)
/home/alexis/Documents/nanvix/hal/lib/libhal-qemu-arm64.a(ivt.qemu-arm64.o)
                              (--whole-archive)
/home/alexis/Documents/nanvix/hal/lib/libhal-qemu-arm64.a(core.qemu-arm64.o)
                              (--whole-archive)
/home/alexis/Documents/nanvix/hal/lib/libhal-qemu-arm64.a(int.qemu-arm64.o)
                              (--whole-archive)
/home/alexis/Documents/nanvix/hal/lib/libhal-qemu-arm64.a(gic.qemu-arm64.o)
                              (--whole-archive)
/home/alexis/Documents/nanvix/hal/lib/libhal-qemu-arm64.a(timer.qemu-arm64.o)
                              (--whole-archive)
/home/alexis/Documents/nanvix/hal/lib/libhal-qemu-arm64.a(ctx.qemu-arm64.o)
                              (--whole-archive)
/home/alexis/Documents/nanvix/hal/lib/libhal-qemu-arm64.a(psci.qemu-arm64.o)
                              (--whole-archive)
/home/alexis/Documents/nanvix/hal/lib/libhal-qemu-arm64.a(cluster.qemu-arm64.o)
                              (--whole-archive)
/home/alexis/Documents/nanvix/hal/lib/libhal-qemu-arm64.a(memory.qemu-arm64.o)
                              (--whole-archive)
/home/alexis/Documents/nanvix/hal/lib/libhal-qemu-arm64.a(main.qemu-arm64.o)
                              (--whole-archive)
/home/alexis/Documents/nanvix/hal/lib/libhal-qemu-arm64.a(mmu.qemu-arm64.o)
                              (--whole-archive)
/home/alexis/Documents/nanvix/hal/lib/libhal-qemu-arm64.a(perf.qemu-arm64.o)
                              (--whole-archive)
/home/alexis/Documents/nanvix/hal/lib/libhal-qemu-arm64.a(exception.qemu-arm64.o)
                              (--whole-archive)
/home/alexis/Documents/nanvix/hal/lib/libhal-qemu-arm64.a(core.qemu-arm64.o)
                              (--whole-archive)
/home/alexis/Documents/nanvix/hal/lib/libhal-qemu-arm64.a(interrupt.qemu-arm64.o)
                              (--whole-archive)
/home/alexis/Documents/nanvix/hal/lib/libhal-qemu-arm64.a(context.qemu-arm64.o)
                              (--whole-archive)
/home/alexis/Documents/nanvix/hal/lib/libhal-qemu-arm64.a(upcall.qemu-arm64.o)
                              (--whole-archive)
/home/alexis/Documents/nanvix/hal/lib/libhal-qemu-arm64.a(cluster.qemu-arm64.o)
                              (--whole-archive)
/home/alexis/Documents/nanvix/hal/lib/libhal-qemu-arm64.a(event.qemu-arm64.o)
                              (--whole-archive)
/home/alexis/Documents/nanvix/hal/lib/libhal-qemu-arm64.a(memory.qemu-arm64.o)
                              (--whole-archive)
/home/alexis/Documents/nanvix/hal/lib/libhal-qemu-arm64.a(timer.qemu-arm64.o)
                              (--whole-archive)
/home/alexis/Documents/nanvix/hal/lib/libhal-qemu-arm64.a(kpanic.qemu-arm64.o)
                              (--whole-archive)
/home/alexis/Documents/nanvix/hal/lib/libhal-qemu-arm64.a(kprintf.qemu-arm64.o)
                              (--whole-archive)
/home/alexis/Documents/nanvix/hal/lib/libhal-qemu-arm64.a(kmemdump.qemu-arm64.o)
                              (--whole-archive)
/home/alexis/Documents/nanvix/hal/lib/libhal-qemu-arm64.a(kputs.qemu-arm64.o)
                              (--whole-archive)
/home/alexis/Documents/nanvix/hal/lib/libhal-qemu-arm64.a(mailbox.qemu-arm64.o)
                              (--whole-archive)
[...]
Memory Configuration

Name             Origin             Length             Attributes
*default*        0x0000000000000000 0xffffffffffffffff

Linker script and memory map

LOAD core/arch/arm64.qemu-arm64.o
LOAD main.qemu-arm64.o
LOAD core/mmu.qemu-arm64.o
LOAD core/perf.qemu-arm64.o
LOAD core/syscalls.qemu-arm64.o
LOAD core/exception.qemu-arm64.o
LOAD core/core.qemu-arm64.o
LOAD core/interrupt.qemu-arm64.o
LOAD core/spinlock.qemu-arm64.o
LOAD core/arithmetic.qemu-arm64.o
LOAD core/upcall.qemu-arm64.o
LOAD core/tlb.qemu-arm64.o
LOAD cluster/cores.qemu-arm64.o
LOAD cluster/timer.qemu-arm64.o
LOAD processor/noc.qemu-arm64.o
LOAD processor/clusters.qemu-arm64.o
LOAD processor/dnoc.qemu-arm64.o
LOAD processor/cnoc.qemu-arm64.o
LOAD target/mailbox.qemu-arm64.o
LOAD target/sync.qemu-arm64.o
LOAD target/portal.qemu-arm64.o
LOAD stress/combination.qemu-arm64.o
LOAD stress/portal.qemu-arm64.o
LOAD stress/mailbox.qemu-arm64.o
LOAD stress/api.qemu-arm64.o
LOAD stress/vsyscall.qemu-arm64.o
LOAD stress/barrier.qemu-arm64.o
LOAD abstract/resource.qemu-arm64.o
LOAD utils/semaphore.qemu-arm64.o
LOAD utils/fence.qemu-arm64.o
LOAD /home/alexis/Documents/nanvix/hal/lib/libhal-qemu-arm64.a
START GROUP
END GROUP
LOAD /home/alexis/Documents/nanvix/hal/lib/barelib-qemu-arm64.a
LOAD /home/alexis/Documents/nanvix/hal/utils/toolchain/arm64/lib/gcc/aarch64-elf/9.1.0/libgcc.a
                0x0000000000001000                PAGE_SIZE = 0x1000
                0x0000000040080000                RAM_BASE = 0x40080000
                0x0000000040080000                BOOT_ADDR = RAM_BASE
                0xffff000000080000                . = 0xffff000000080000
                0xffff000000080000                KERNEL_CODE_START = .

.bootstrap      0xffff000000080000      0x118
                0xffff000000080000                __BOOTSTRAP_START = .
 *boot*.o(.*)
 .text          0xffff000000080000      0x118 /home/alexis/Documents/nanvix/hal/lib/libhal-qemu-arm64.a(boot.qemu-arm64.o)
                0xffff000000080000                _do_start
                0xffff0000000800d4                psci_v0_2_cpu_turn_on
                0xffff000000080118                __BOOTSTRAP_END = .
                0xffff000000081000                . = ALIGN (PAGE_SIZE)

.text           0xffff000000081000     0xcc7c
                0xffff000000081000                __TEXT_START = .
 *(.text)
 .text          0xffff000000081000        0x8 core/arch/arm64.qemu-arm64.o
                0xffff000000081000                _upcall_issue
                0xffff000000081004                _upcall_issue_ret
 *fill*         0xffff000000081008       0xf8 
 .text          0xffff000000081100        0x4 /home/alexis/Documents/nanvix/hal/lib/libhal-qemu-arm64.a(_upcall.qemu-arm64.o)
                0xffff000000081100                arm64_upcall_ret
 .text          0xffff000000081104      0x23c /home/alexis/Documents/nanvix/hal/lib/libhal-qemu-arm64.a(sysreg.qemu-arm64.o)
                0xffff000000081104                arm64_invalidate_d_cache
                0xffff0000000811d4                arm64_invalidate_tlb
                0xffff000000081218                arm64_enable_mmu
 *fill*         0xffff000000081340      0x4c0 
 .text          0xffff000000081800     0x1120 /home/alexis/Documents/nanvix/hal/lib/libhal-qemu-arm64.a(exception.qemu-arm64.o)
                0xffff000000081800                _exception_vector_table
 *(.text.*)
 .text.cluster_poweroff
                0xffff000000082920        0xc main.qemu-arm64.o
 .text.processor_poweroff
                0xffff00000008292c        0xc main.qemu-arm64.o
 .text.target_poweroff
                0xffff000000082938        0xc main.qemu-arm64.o
 .text.test_core_al
                0xffff000000082944       0x34 main.qemu-arm64.o
 .text.test_cluster_al
                0xffff000000082978        0x8 main.qemu-arm64.o
 .text.test_processor_al
                0xffff000000082980        0x8 main.qemu-arm64.o
 .text.test_target_al
                0xffff000000082988        0x8 main.qemu-arm64.o
 .text.kmain    0xffff000000082990       0x30 main.qemu-arm64.o
                0xffff000000082990                kmain
 .text._kassert
                0xffff0000000829c0       0x64 core/mmu.qemu-arm64.o
 .text.pde_clear
                0xffff000000082a24       0x3c core/mmu.qemu-arm64.o
 .text.pde_frame_set
                0xffff000000082a60       0x5c core/mmu.qemu-arm64.o
 .text.pde_present_set
                0xffff000000082abc       0x4c core/mmu.qemu-arm64.o
 .text.pde_is_present
                0xffff000000082b08       0x34 core/mmu.qemu-arm64.o
 .text.pde_frame_get
                0xffff000000082b3c       0x50 core/mmu.qemu-arm64.o
 .text.pde_write_set
                0xffff000000082b8c       0x4c core/mmu.qemu-arm64.o
 .text.pde_is_write
                0xffff000000082bd8       0x34 core/mmu.qemu-arm64.o
 .text.pde_user_set
                0xffff000000082c0c       0x4c core/mmu.qemu-arm64.o
 .text.pde_is_user
                0xffff000000082c58       0x34 core/mmu.qemu-arm64.o
 .text.pte_clear
                0xffff000000082c8c       0x3c core/mmu.qemu-arm64.o
 .text.pte_present_set
                0xffff000000082cc8       0x4c core/mmu.qemu-arm64.o
 .text.pte_is_present
                0xffff000000082d14       0x34 core/mmu.qemu-arm64.o
 .text.pte_frame_set
                0xffff000000082d48       0x5c core/mmu.qemu-arm64.o
 .text.pte_frame_get
                0xffff000000082da4       0x50 core/mmu.qemu-arm64.o
 .text.pte_user_set
                0xffff000000082df4       0x4c core/mmu.qemu-arm64.o
 .text.pte_is_user
                0xffff000000082e40       0x34 core/mmu.qemu-arm64.o
 .text.pte_write_set
                0xffff000000082e74       0x7c core/mmu.qemu-arm64.o
 .text.pte_is_write
                0xffff000000082ef0       0x34 core/mmu.qemu-arm64.o
 .text.pte_idx_get
                0xffff000000082f24       0x20 core/mmu.qemu-arm64.o
 .text.pde_idx_get
                0xffff000000082f44       0x18 core/mmu.qemu-arm64.o
 .text.pde_get  0xffff000000082f5c       0x44 core/mmu.qemu-arm64.o
 .text.pte_get  0xffff000000082fa0       0x44 core/mmu.qemu-arm64.o
 .text.mmu_pte_clear
                0xffff000000082fe4       0x70 core/mmu.qemu-arm64.o
 .text.mmu_pde_clear
                0xffff000000083054       0x70 core/mmu.qemu-arm64.o
 .text.mmu_pte_frame_set
                0xffff0000000830c4       0x7c core/mmu.qemu-arm64.o
 .text.mmu_pde_frame_set
                0xffff000000083140       0x7c core/mmu.qemu-arm64.o
 .text.mmu_pte_present_set
                0xffff0000000831bc       0xa0 core/mmu.qemu-arm64.o
 .text.mmu_pde_present_set
                0xffff00000008325c       0xa0 core/mmu.qemu-arm64.o
 .text.mmu_pte_user_set
                0xffff0000000832fc       0xa0 core/mmu.qemu-arm64.o
 .text.mmu_pde_user_set
                0xffff00000008339c       0xa0 core/mmu.qemu-arm64.o
 .text.mmu_pte_write_set
                0xffff00000008343c       0xa0 core/mmu.qemu-arm64.o
 .text.mmu_pde_write_set
                0xffff0000000834dc       0xa0 core/mmu.qemu-arm64.o
 .text.mmu_pte_get
                0xffff00000008357c       0x54 core/mmu.qemu-arm64.o
 .text.mmu_pde_get
                0xffff0000000835d0       0x54 core/mmu.qemu-arm64.o
 .text.mmu_pte_clear_inval
                0xffff000000083624       0x48 core/mmu.qemu-arm64.o
 .text.mmu_pde_clear_inval
                0xffff00000008366c       0x48 core/mmu.qemu-arm64.o
 .text.mmu_pte_frame_set_inval
                0xffff0000000836b4       0x54 core/mmu.qemu-arm64.o
 .text.mmu_pde_frame_set_inval
                0xffff000000083708       0x54 core/mmu.qemu-arm64.o
 .text.mmu_pte_frame_set_inval2
                0xffff00000008375c       0x4c core/mmu.qemu-arm64.o
 .text.mmu_pde_frame_set_inval2
                0xffff0000000837a8       0x4c core/mmu.qemu-arm64.o
 .text.mmu_pte_present_set_inval
                0xffff0000000837f4       0x4c core/mmu.qemu-arm64.o
 .text.mmu_pde_present_set_inval
                0xffff000000083840       0x4c core/mmu.qemu-arm64.o
 .text.mmu_pte_user_set_inval
                0xffff00000008388c       0x4c core/mmu.qemu-arm64.o
 .text.mmu_pde_user_set_inval
                0xffff0000000838d8       0x4c core/mmu.qemu-arm64.o
 .text.mmu_pte_write_set_inval
                0xffff000000083924       0x4c core/mmu.qemu-arm64.o
 .text.mmu_pde_write_set_inval
                0xffff000000083970       0x4c core/mmu.qemu-arm64.o
 .text.mmu_pte_get_inval
                0xffff0000000839bc       0x4c core/mmu.qemu-arm64.o
 .text.mmu_pde_get_inval
                0xffff000000083a08       0x4c core/mmu.qemu-arm64.o
 .text.test_mmu
                0xffff000000083a54      0x128 core/mmu.qemu-arm64.o
                0xffff000000083a54                test_mmu
 .text._kassert
                0xffff000000083b7c       0x64 core/syscalls.qemu-arm64.o
 .text.arm64_kcall0
                0xffff000000083be0       0x30 core/syscalls.qemu-arm64.o
 .text.arm64_kcall1
                0xffff000000083c10       0x34 core/syscalls.qemu-arm64.o
 .text.arm64_kcall2
                0xffff000000083c44       0x38 core/syscalls.qemu-arm64.o
 .text.arm64_kcall3
                0xffff000000083c7c       0x3c core/syscalls.qemu-arm64.o
 .text.arm64_kcall4
                0xffff000000083cb8       0x40 core/syscalls.qemu-arm64.o
 .text.arm64_kcall5
                0xffff000000083cf8       0x44 core/syscalls.qemu-arm64.o
 .text.kcall0   0xffff000000083d3c       0x1c core/syscalls.qemu-arm64.o
 .text.kcall1   0xffff000000083d58       0x24 core/syscalls.qemu-arm64.o
 .text.kcall2   0xffff000000083d7c       0x2c core/syscalls.qemu-arm64.o
 .text.kcall3   0xffff000000083da8       0x34 core/syscalls.qemu-arm64.o
 .text.kcall4   0xffff000000083ddc       0x3c core/syscalls.qemu-arm64.o
 .text.kcall5   0xffff000000083e18       0x44 core/syscalls.qemu-arm64.o
 .text.do_kcall
                0xffff000000083e5c      0x184 core/syscalls.qemu-arm64.o
                0xffff000000083e5c                do_kcall
 .text.test_trap_issue0
                0xffff000000083fe0       0x54 core/syscalls.qemu-arm64.o
 .text.test_trap_issue1
                0xffff000000084034       0x5c core/syscalls.qemu-arm64.o
 .text.test_trap_issue2
                0xffff000000084090       0x64 core/syscalls.qemu-arm64.o
 .text.test_trap_issue3
                0xffff0000000840f4       0x6c core/syscalls.qemu-arm64.o
 .text.test_trap_issue4
                0xffff000000084160       0x74 core/syscalls.qemu-arm64.o
 .text.test_trap_issue5
                0xffff0000000841d4       0x7c core/syscalls.qemu-arm64.o
 .text.test_trap
                0xffff000000084250       0xa0 core/syscalls.qemu-arm64.o
                0xffff000000084250                test_trap
 .text._kassert
                0xffff0000000842f0       0x64 core/exception.qemu-arm64.o
 .text.dummy_handler
                0xffff000000084354       0x18 core/exception.qemu-arm64.o
 .text.test_exception_set_unset_handler
                0xffff00000008436c       0x84 core/exception.qemu-arm64.o
 .text.test_trigger_exception
                0xffff0000000843f0        0x8 core/exception.qemu-arm64.o
 .text.test_exception_register_inval
                0xffff0000000843f8       0x8c core/exception.qemu-arm64.o
 .text.test_exception_unregister_inval
                0xffff000000084484       0x7c core/exception.qemu-arm64.o
 .text.test_exception_unregister_bad
                0xffff000000084500       0x48 core/exception.qemu-arm64.o
 .text.test_exception
                0xffff000000084548      0x128 core/exception.qemu-arm64.o
                0xffff000000084548                test_exception
 .text._kassert
                0xffff000000084670       0x64 core/core.qemu-arm64.o
 .text.arm64_mcall_cpu_id
                0xffff0000000846d4        0xc core/core.qemu-arm64.o
 .text.arm64_core_get_id
                0xffff0000000846e0       0x14 core/core.qemu-arm64.o
 .text.core_get_id
                0xffff0000000846f4       0x14 core/core.qemu-arm64.o
 .text.test_core_get_id
                0xffff000000084708       0x4c core/core.qemu-arm64.o
 .text.test_core_poweroff
                0xffff000000084754        0x8 core/core.qemu-arm64.o
 .text.test_core
                0xffff00000008475c       0xa0 core/core.qemu-arm64.o
                0xffff00000008475c                test_core
 .text._kassert
                0xffff0000000847fc       0x64 core/arithmetic.qemu-arm64.o
 .text.test_api_byte
                0xffff000000084860      0x408 core/arithmetic.qemu-arm64.o
 .text.test_api_hword
                0xffff000000084c68      0x3f8 core/arithmetic.qemu-arm64.o
 .text.test_api_word
                0xffff000000085060      0x400 core/arithmetic.qemu-arm64.o
 .text.test_api_char
                0xffff000000085460      0x408 core/arithmetic.qemu-arm64.o
 .text.test_api_short
                0xffff000000085868      0x400 core/arithmetic.qemu-arm64.o
 .text.test_api_int
                0xffff000000085c68      0x3f8 core/arithmetic.qemu-arm64.o
 .text.test_api_unsigned_int
                0xffff000000086060      0x3f8 core/arithmetic.qemu-arm64.o
 .text.test_api_long
                0xffff000000086458      0x400 core/arithmetic.qemu-arm64.o
 .text.test_api_unsigned_long
                0xffff000000086858      0x400 core/arithmetic.qemu-arm64.o
 .text.test_api_int32_t
                0xffff000000086c58      0x420 core/arithmetic.qemu-arm64.o
 .text.test_api_uint32_t
                0xffff000000087078      0x420 core/arithmetic.qemu-arm64.o
 .text.test_arithmetic
                0xffff000000087498       0xa0 core/arithmetic.qemu-arm64.o
                0xffff000000087498                test_arithmetic
 .text._kassert
                0xffff000000087538       0x64 core/upcall.qemu-arm64.o
 .text.context_get_sp
                0xffff00000008759c       0x14 core/upcall.qemu-arm64.o
 .text.context_get_pc
                0xffff0000000875b0       0x14 core/upcall.qemu-arm64.o
 .text.context_set_sp
                0xffff0000000875c4       0x18 core/upcall.qemu-arm64.o
 .text.context_set_pc
                0xffff0000000875dc       0x18 core/upcall.qemu-arm64.o
 .text.dumb_upcall
                0xffff0000000875f4       0x54 core/upcall.qemu-arm64.o
                0xffff0000000875f4                dumb_upcall
 .text.test_upcall_forge
                0xffff000000087648      0x274 core/upcall.qemu-arm64.o
 .text.test_upcall_issue
                0xffff0000000878bc      0x104 core/upcall.qemu-arm64.o
 .text.test_upcall
                0xffff0000000879c0       0xa0 core/upcall.qemu-arm64.o
                0xffff0000000879c0                test_upcall
 .text.test_tlb
                0xffff000000087a60        0x8 core/tlb.qemu-arm64.o
                0xffff000000087a60                test_tlb
 .text._kassert
                0xffff000000087a68       0x64 abstract/resource.qemu-arm64.o
 .text.test_resource_queue
                0xffff000000087acc      0x29c abstract/resource.qemu-arm64.o
 .text.test_resource_list
                0xffff000000087d68     0x1000 abstract/resource.qemu-arm64.o
 .text.test_incresing
                0xffff000000088d68       0x38 abstract/resource.qemu-arm64.o
 .text.test_decreasing
                0xffff000000088da0       0x38 abstract/resource.qemu-arm64.o
 .text.test_verify_id_odd
                0xffff000000088dd8       0x28 abstract/resource.qemu-arm64.o
 .text.test_verify_id_all
                0xffff000000088e00       0x20 abstract/resource.qemu-arm64.o
 .text.test_resource_cmp_vrf
                0xffff000000088e20      0xe6c abstract/resource.qemu-arm64.o
 .text.test_abstract_resource
                0xffff000000089c8c       0xa0 abstract/resource.qemu-arm64.o
                0xffff000000089c8c                test_abstract_resource
 .text._kassert
                0xffff000000089d2c       0x64 /home/alexis/Documents/nanvix/hal/lib/libhal-qemu-arm64.a(resource.qemu-arm64.o)
 .text.resource_dumb_push_front
                0xffff000000089d90       0xb8 /home/alexis/Documents/nanvix/hal/lib/libhal-qemu-arm64.a(resource.qemu-arm64.o)
 .text.resource_dumb_push_back
                0xffff000000089e48       0xc0 /home/alexis/Documents/nanvix/hal/lib/libhal-qemu-arm64.a(resource.qemu-arm64.o)
 .text.resource_dumb_insert
                0xffff000000089f08      0x150 /home/alexis/Documents/nanvix/hal/lib/libhal-qemu-arm64.a(resource.qemu-arm64.o)
 .text.resource_dumb_insert_ordered
                0xffff00000008a058      0x164 /home/alexis/Documents/nanvix/hal/lib/libhal-qemu-arm64.a(resource.qemu-arm64.o)
 .text.__resource_remove
                0xffff00000008a1bc       0xf0 /home/alexis/Documents/nanvix/hal/lib/libhal-qemu-arm64.a(resource.qemu-arm64.o)
 .text.resource_dumb_remove_pos
                0xffff00000008a2ac      0x190 /home/alexis/Documents/nanvix/hal/lib/libhal-qemu-arm64.a(resource.qemu-arm64.o)
 .text.resource_dumb_pop_front
                0xffff00000008a43c       0x78 /home/alexis/Documents/nanvix/hal/lib/libhal-qemu-arm64.a(resource.qemu-arm64.o)
 .text.resource_dumb_pop_back
                0xffff00000008a4b4       0x84 /home/alexis/Documents/nanvix/hal/lib/libhal-qemu-arm64.a(resource.qemu-arm64.o)
 .text.resource_dumb_remove_spec
                0xffff00000008a538       0x78 /home/alexis/Documents/nanvix/hal/lib/libhal-qemu-arm64.a(resource.qemu-arm64.o)
 .text.resource_dumb_pop
                0xffff00000008a5b0       0x7c /home/alexis/Documents/nanvix/hal/lib/libhal-qemu-arm64.a(resource.qemu-arm64.o)
 .text.resource_dumb_remove_verify
                0xffff00000008a62c       0xc8 /home/alexis/Documents/nanvix/hal/lib/libhal-qemu-arm64.a(resource.qemu-arm64.o)
 .text.resource_dumb_search
                0xffff00000008a6f4       0x94 /home/alexis/Documents/nanvix/hal/lib/libhal-qemu-arm64.a(resource.qemu-arm64.o)
 .text.dcache_invalidate
                0xffff00000008a788       0x18 /home/alexis/Documents/nanvix/hal/lib/libhal-qemu-arm64.a(log.qemu-arm64.o)
 .text.arm64_mcall_cpu_id
                0xffff00000008a7a0        0xc /home/alexis/Documents/nanvix/hal/lib/libhal-qemu-arm64.a(log.qemu-arm64.o)
 .text.arm64_core_get_id
                0xffff00000008a7ac       0x14 /home/alexis/Documents/nanvix/hal/lib/libhal-qemu-arm64.a(log.qemu-arm64.o)
 .text.core_get_id
                0xffff00000008a7c0       0x14 /home/alexis/Documents/nanvix/hal/lib/libhal-qemu-arm64.a(log.qemu-arm64.o)
 .text.qemu_arm64_stdout_init
                0xffff00000008a7d4       0x18 /home/alexis/Documents/nanvix/hal/lib/libhal-qemu-arm64.a(log.qemu-arm64.o)
 .text.qemu_arm64_stdout_write
                0xffff00000008a7ec       0x28 /home/alexis/Documents/nanvix/hal/lib/libhal-qemu-arm64.a(log.qemu-arm64.o)
 .text.stdout_init
                0xffff00000008a814       0x18 /home/alexis/Documents/nanvix/hal/lib/libhal-qemu-arm64.a(log.qemu-arm64.o)
 .text.stdout_write
                0xffff00000008a82c       0x28 /home/alexis/Documents/nanvix/hal/lib/libhal-qemu-arm64.a(log.qemu-arm64.o)
 .text.hal_log_write
                0xffff00000008a854       0xb0 /home/alexis/Documents/nanvix/hal/lib/libhal-qemu-arm64.a(log.qemu-arm64.o)
                0xffff00000008a854                hal_log_write
 .text.hal_log_setup
                0xffff00000008a904       0x18 /home/alexis/Documents/nanvix/hal/lib/libhal-qemu-arm64.a(log.qemu-arm64.o)
                0xffff00000008a904                hal_log_setup
 .text._kassert
                0xffff00000008a91c       0x64 /home/alexis/Documents/nanvix/hal/lib/libhal-qemu-arm64.a(hal.qemu-arm64.o)
 .text.hal_init
                0xffff00000008a980       0x5c /home/alexis/Documents/nanvix/hal/lib/libhal-qemu-arm64.a(hal.qemu-arm64.o)
                0xffff00000008a980                hal_init
 .text.arm64_handle_exception
                0xffff00000008a9dc       0x84 /home/alexis/Documents/nanvix/hal/lib/libhal-qemu-arm64.a(excp.qemu-arm64.o)
                0xffff00000008a9dc                arm64_handle_exception
 .text.arm64_excp_dump
                0xffff00000008aa60       0x44 /home/alexis/Documents/nanvix/hal/lib/libhal-qemu-arm64.a(excp.qemu-arm64.o)
                0xffff00000008aa60                arm64_excp_dump
 .text.pte_present_set
                0xffff00000008aaa4       0x4c /home/alexis/Documents/nanvix/hal/lib/libhal-qemu-arm64.a(mmu.qemu-arm64.o)
 .text.pte_frame_set
                0xffff00000008aaf0       0x5c /home/alexis/Documents/nanvix/hal/lib/libhal-qemu-arm64.a(mmu.qemu-arm64.o)
 .text.pte_is_user
                0xffff00000008ab4c       0x34 /home/alexis/Documents/nanvix/hal/lib/libhal-qemu-arm64.a(mmu.qemu-arm64.o)
 .text.pte_write_set
                0xffff00000008ab80       0x7c /home/alexis/Documents/nanvix/hal/lib/libhal-qemu-arm64.a(mmu.qemu-arm64.o)
 .text.pte_exec_set
                0xffff00000008abfc       0x64 /home/alexis/Documents/nanvix/hal/lib/libhal-qemu-arm64.a(mmu.qemu-arm64.o)
 .text.pte_idx_get
                0xffff00000008ac60       0x20 /home/alexis/Documents/nanvix/hal/lib/libhal-qemu-arm64.a(mmu.qemu-arm64.o)
 .text.pde_idx_get
                0xffff00000008ac80       0x18 /home/alexis/Documents/nanvix/hal/lib/libhal-qemu-arm64.a(mmu.qemu-arm64.o)
 .text.mmu_is_enabled
                0xffff00000008ac98       0x1c /home/alexis/Documents/nanvix/hal/lib/libhal-qemu-arm64.a(mmu.qemu-arm64.o)
 .text.arm64_disable_mmu
                0xffff00000008acb4       0x14 /home/alexis/Documents/nanvix/hal/lib/libhal-qemu-arm64.a(mmu.qemu-arm64.o)
 .text.arm64_page_map
                0xffff00000008acc8       0xe0 /home/alexis/Documents/nanvix/hal/lib/libhal-qemu-arm64.a(mmu.qemu-arm64.o)
                0xffff00000008acc8                arm64_page_map
 .text.arm64_pgtab_map
                0xffff00000008ada8       0xcc /home/alexis/Documents/nanvix/hal/lib/libhal-qemu-arm64.a(mmu.qemu-arm64.o)
                0xffff00000008ada8                arm64_pgtab_map
 .text.arm64_mmu_setup
                0xffff00000008ae74       0x9c /home/alexis/Documents/nanvix/hal/lib/libhal-qemu-arm64.a(mmu.qemu-arm64.o)
                0xffff00000008ae74                arm64_mmu_setup
 .text.arm64_core_do_kcall
                0xffff00000008af10       0x48 /home/alexis/Documents/nanvix/hal/lib/libhal-qemu-arm64.a(trap.qemu-arm64.o)
                0xffff00000008af10                arm64_core_do_kcall
 .text.arm64_perf_setup
                0xffff00000008af58       0x38 /home/alexis/Documents/nanvix/hal/lib/libhal-qemu-arm64.a(perf.qemu-arm64.o)
                0xffff00000008af58                arm64_perf_setup
 .text.ivt_setup
                0xffff00000008af90       0x14 /home/alexis/Documents/nanvix/hal/lib/libhal-qemu-arm64.a(ivt.qemu-arm64.o)
                0xffff00000008af90                ivt_setup
 .text.arm64_core_poweroff
                0xffff00000008afa4        0xc /home/alexis/Documents/nanvix/hal/lib/libhal-qemu-arm64.a(core.qemu-arm64.o)
                0xffff00000008afa4                arm64_core_poweroff
 .text.arm64_do_interrupt
                0xffff00000008afb0       0x64 /home/alexis/Documents/nanvix/hal/lib/libhal-qemu-arm64.a(int.qemu-arm64.o)
                0xffff00000008afb0                arm64_do_interrupt
 .text.arm64_init_gicc
                0xffff00000008b014       0x90 /home/alexis/Documents/nanvix/hal/lib/libhal-qemu-arm64.a(gic.qemu-arm64.o)
 .text.arm64_init_gicd
                0xffff00000008b0a4      0x198 /home/alexis/Documents/nanvix/hal/lib/libhal-qemu-arm64.a(gic.qemu-arm64.o)
 .text.arm64_gicd_enable_int
                0xffff00000008b23c       0x64 /home/alexis/Documents/nanvix/hal/lib/libhal-qemu-arm64.a(gic.qemu-arm64.o)
                0xffff00000008b23c                arm64_gicd_enable_int
 .text.arm64_gicd_clear_pending
                0xffff00000008b2a0       0x64 /home/alexis/Documents/nanvix/hal/lib/libhal-qemu-arm64.a(gic.qemu-arm64.o)
                0xffff00000008b2a0                arm64_gicd_clear_pending
 .text.arm64_enable_irq
                0xffff00000008b304        0xc /home/alexis/Documents/nanvix/hal/lib/libhal-qemu-arm64.a(gic.qemu-arm64.o)
                0xffff00000008b304                arm64_enable_irq
 .text.arm64_disable_irq
                0xffff00000008b310        0xc /home/alexis/Documents/nanvix/hal/lib/libhal-qemu-arm64.a(gic.qemu-arm64.o)
                0xffff00000008b310                arm64_disable_irq
 .text.arm64_gicd_probe_pending
                0xffff00000008b31c       0x74 /home/alexis/Documents/nanvix/hal/lib/libhal-qemu-arm64.a(gic.qemu-arm64.o)
 .text.arm64_gicd_set_target
                0xffff00000008b390       0xcc /home/alexis/Documents/nanvix/hal/lib/libhal-qemu-arm64.a(gic.qemu-arm64.o)
 .text.arm64_gicd_set_priority
                0xffff00000008b45c       0xd4 /home/alexis/Documents/nanvix/hal/lib/libhal-qemu-arm64.a(gic.qemu-arm64.o)
 .text.arm64_gicd_config
                0xffff00000008b530       0xd4 /home/alexis/Documents/nanvix/hal/lib/libhal-qemu-arm64.a(gic.qemu-arm64.o)
 .text.arm64_gic_eoi
                0xffff00000008b604       0x20 /home/alexis/Documents/nanvix/hal/lib/libhal-qemu-arm64.a(gic.qemu-arm64.o)
                0xffff00000008b604                arm64_gic_eoi
 .text.arm64_gic_find_pending_irq
                0xffff00000008b624       0x4c /home/alexis/Documents/nanvix/hal/lib/libhal-qemu-arm64.a(gic.qemu-arm64.o)
                0xffff00000008b624                arm64_gic_find_pending_irq
 .text.arm64_gic_initialize
                0xffff00000008b670       0x20 /home/alexis/Documents/nanvix/hal/lib/libhal-qemu-arm64.a(gic.qemu-arm64.o)
                0xffff00000008b670                arm64_gic_initialize
 .text.arm64_gic_configure_timer
                0xffff00000008b690       0x48 /home/alexis/Documents/nanvix/hal/lib/libhal-qemu-arm64.a(gic.qemu-arm64.o)
                0xffff00000008b690                arm64_gic_configure_timer
 .text.arm64_timer_read_cntfrq_el0
                0xffff00000008b6d8       0x18 /home/alexis/Documents/nanvix/hal/lib/libhal-qemu-arm64.a(timer.qemu-arm64.o)
 .text.arm64_timer_read_cntvct_el0
                0xffff00000008b6f0       0x18 /home/alexis/Documents/nanvix/hal/lib/libhal-qemu-arm64.a(timer.qemu-arm64.o)
 .text.arm64_timer_write_cntv_cval_el0
                0xffff00000008b708       0x1c /home/alexis/Documents/nanvix/hal/lib/libhal-qemu-arm64.a(timer.qemu-arm64.o)
 .text.arm64_timer_read_cntv_ctl
                0xffff00000008b724       0x18 /home/alexis/Documents/nanvix/hal/lib/libhal-qemu-arm64.a(timer.qemu-arm64.o)
 .text.arm64_timer_disable_cntv
                0xffff00000008b73c       0x30 /home/alexis/Documents/nanvix/hal/lib/libhal-qemu-arm64.a(timer.qemu-arm64.o)
 .text.arm64_timer_enable_cntv
                0xffff00000008b76c       0x30 /home/alexis/Documents/nanvix/hal/lib/libhal-qemu-arm64.a(timer.qemu-arm64.o)
 .text.arm64_timer_reset
                0xffff00000008b79c       0x8c /home/alexis/Documents/nanvix/hal/lib/libhal-qemu-arm64.a(timer.qemu-arm64.o)
                0xffff00000008b79c                arm64_timer_reset
 .text.arm64_timer_init
                0xffff00000008b828       0x80 /home/alexis/Documents/nanvix/hal/lib/libhal-qemu-arm64.a(timer.qemu-arm64.o)
                0xffff00000008b828                arm64_timer_init
 .text.arm64_mcall_cpu_id
                0xffff00000008b8a8        0xc /home/alexis/Documents/nanvix/hal/lib/libhal-qemu-arm64.a(ctx.qemu-arm64.o)
 .text.arm64_core_get_id
                0xffff00000008b8b4       0x14 /home/alexis/Documents/nanvix/hal/lib/libhal-qemu-arm64.a(ctx.qemu-arm64.o)
 .text.core_get_id
                0xffff00000008b8c8       0x14 /home/alexis/Documents/nanvix/hal/lib/libhal-qemu-arm64.a(ctx.qemu-arm64.o)
 .text.arm64_context_dump
                0xffff00000008b8dc      0x1d4 /home/alexis/Documents/nanvix/hal/lib/libhal-qemu-arm64.a(ctx.qemu-arm64.o)
                0xffff00000008b8dc                arm64_context_dump
 .text.arm64_mcall_cpu_id
                0xffff00000008bab0        0xc /home/alexis/Documents/nanvix/hal/lib/libhal-qemu-arm64.a(cluster.qemu-arm64.o)
 .text.arm64_core_get_id
                0xffff00000008babc       0x14 /home/alexis/Documents/nanvix/hal/lib/libhal-qemu-arm64.a(cluster.qemu-arm64.o)
 .text.arm64_cluster_setup
                0xffff00000008bad0       0x40 /home/alexis/Documents/nanvix/hal/lib/libhal-qemu-arm64.a(cluster.qemu-arm64.o)
                0xffff00000008bad0                arm64_cluster_setup
 .text.arm64_cluster_slave_setup
                0xffff00000008bb10       0x10 /home/alexis/Documents/nanvix/hal/lib/libhal-qemu-arm64.a(cluster.qemu-arm64.o)
                0xffff00000008bb10                arm64_cluster_slave_setup
 .text.arm64_cluster_master_setup
                0xffff00000008bb20       0x18 /home/alexis/Documents/nanvix/hal/lib/libhal-qemu-arm64.a(cluster.qemu-arm64.o)
                0xffff00000008bb20                arm64_cluster_master_setup
 .text.dcache_invalidate
                0xffff00000008bb38       0x18 /home/alexis/Documents/nanvix/hal/lib/libhal-qemu-arm64.a(exception.qemu-arm64.o)
 .text.context_dump
                0xffff00000008bb50       0x20 /home/alexis/Documents/nanvix/hal/lib/libhal-qemu-arm64.a(exception.qemu-arm64.o)
 .text.exception_dump
                0xffff00000008bb70       0x20 /home/alexis/Documents/nanvix/hal/lib/libhal-qemu-arm64.a(exception.qemu-arm64.o)
 .text.default_handler
                0xffff00000008bb90       0x2c /home/alexis/Documents/nanvix/hal/lib/libhal-qemu-arm64.a(exception.qemu-arm64.o)
 .text.exception_register
                0xffff00000008bbbc      0x158 /home/alexis/Documents/nanvix/hal/lib/libhal-qemu-arm64.a(exception.qemu-arm64.o)
                0xffff00000008bbbc                exception_register
 .text.exception_unregister
                0xffff00000008bd14       0x98 /home/alexis/Documents/nanvix/hal/lib/libhal-qemu-arm64.a(exception.qemu-arm64.o)
                0xffff00000008bd14                exception_unregister
 .text.exception_setup
                0xffff00000008bdac       0x80 /home/alexis/Documents/nanvix/hal/lib/libhal-qemu-arm64.a(exception.qemu-arm64.o)
                0xffff00000008bdac                exception_setup
 .text.mmu_setup
                0xffff00000008be2c       0x18 /home/alexis/Documents/nanvix/hal/lib/libhal-qemu-arm64.a(core.qemu-arm64.o)
 .text.interrupts_disable
                0xffff00000008be44       0x18 /home/alexis/Documents/nanvix/hal/lib/libhal-qemu-arm64.a(core.qemu-arm64.o)
 .text.perf_setup
                0xffff00000008be5c       0x18 /home/alexis/Documents/nanvix/hal/lib/libhal-qemu-arm64.a(core.qemu-arm64.o)
 .text.core_halt
                0xffff00000008be74       0x1c /home/alexis/Documents/nanvix/hal/lib/libhal-qemu-arm64.a(core.qemu-arm64.o)
                0xffff00000008be74                core_halt
 .text.core_setup
                0xffff00000008be90       0x34 /home/alexis/Documents/nanvix/hal/lib/libhal-qemu-arm64.a(core.qemu-arm64.o)
                0xffff00000008be90                core_setup
 .text.dcache_invalidate
                0xffff00000008bec4       0x18 /home/alexis/Documents/nanvix/hal/lib/libhal-qemu-arm64.a(interrupt.qemu-arm64.o)
 .text.interrupt_ack
                0xffff00000008bedc       0x20 /home/alexis/Documents/nanvix/hal/lib/libhal-qemu-arm64.a(interrupt.qemu-arm64.o)
 .text.interrupt_next
                0xffff00000008befc       0x14 /home/alexis/Documents/nanvix/hal/lib/libhal-qemu-arm64.a(interrupt.qemu-arm64.o)
 .text.timer_reset
                0xffff00000008bf10       0x18 /home/alexis/Documents/nanvix/hal/lib/libhal-qemu-arm64.a(interrupt.qemu-arm64.o)
 .text.event_reset
                0xffff00000008bf28        0x8 /home/alexis/Documents/nanvix/hal/lib/libhal-qemu-arm64.a(interrupt.qemu-arm64.o)
 .text.default_handler
                0xffff00000008bf30       0x58 /home/alexis/Documents/nanvix/hal/lib/libhal-qemu-arm64.a(interrupt.qemu-arm64.o)
 .text.do_timer
                0xffff00000008bf88       0x60 /home/alexis/Documents/nanvix/hal/lib/libhal-qemu-arm64.a(interrupt.qemu-arm64.o)
 .text.do_event
                0xffff00000008bfe8       0x4c /home/alexis/Documents/nanvix/hal/lib/libhal-qemu-arm64.a(interrupt.qemu-arm64.o)
 .text.do_interrupt
                0xffff00000008c034       0xac /home/alexis/Documents/nanvix/hal/lib/libhal-qemu-arm64.a(interrupt.qemu-arm64.o)
                0xffff00000008c034                do_interrupt
 .text.interrupt_setup
                0xffff00000008c0e0       0xc4 /home/alexis/Documents/nanvix/hal/lib/libhal-qemu-arm64.a(interrupt.qemu-arm64.o)
                0xffff00000008c0e0                interrupt_setup
 .text._kassert
                0xffff00000008c1a4       0x64 /home/alexis/Documents/nanvix/hal/lib/libhal-qemu-arm64.a(upcall.qemu-arm64.o)
 .text.context_get_sp
                0xffff00000008c208       0x14 /home/alexis/Documents/nanvix/hal/lib/libhal-qemu-arm64.a(upcall.qemu-arm64.o)
 .text.context_set_sp
                0xffff00000008c21c       0x18 /home/alexis/Documents/nanvix/hal/lib/libhal-qemu-arm64.a(upcall.qemu-arm64.o)
 .text.context_set_pc
                0xffff00000008c234       0x18 /home/alexis/Documents/nanvix/hal/lib/libhal-qemu-arm64.a(upcall.qemu-arm64.o)
 .text.upcall_forge
                0xffff00000008c24c      0x144 /home/alexis/Documents/nanvix/hal/lib/libhal-qemu-arm64.a(upcall.qemu-arm64.o)
                0xffff00000008c24c                upcall_forge
 .text.dcache_invalidate
                0xffff00000008c390       0x18 /home/alexis/Documents/nanvix/hal/lib/libhal-qemu-arm64.a(cluster.qemu-arm64.o)
 .text.arm64_mcall_cpu_id
                0xffff00000008c3a8        0xc /home/alexis/Documents/nanvix/hal/lib/libhal-qemu-arm64.a(cluster.qemu-arm64.o)
 .text.arm64_core_get_id
                0xffff00000008c3b4       0x14 /home/alexis/Documents/nanvix/hal/lib/libhal-qemu-arm64.a(cluster.qemu-arm64.o)
 .text.core_get_id
                0xffff00000008c3c8       0x14 /home/alexis/Documents/nanvix/hal/lib/libhal-qemu-arm64.a(cluster.qemu-arm64.o)
 .text.core_poweroff
                0xffff00000008c3dc        0xc /home/alexis/Documents/nanvix/hal/lib/libhal-qemu-arm64.a(cluster.qemu-arm64.o)
 .text.spinlock_lock
                0xffff00000008c3e8       0x14 /home/alexis/Documents/nanvix/hal/lib/libhal-qemu-arm64.a(cluster.qemu-arm64.o)
 .text.spinlock_unlock
                0xffff00000008c3fc       0x14 /home/alexis/Documents/nanvix/hal/lib/libhal-qemu-arm64.a(cluster.qemu-arm64.o)
 .text.core_shutdown
                0xffff00000008c410       0x74 /home/alexis/Documents/nanvix/hal/lib/libhal-qemu-arm64.a(cluster.qemu-arm64.o)
                0xffff00000008c410                core_shutdown
 .text.spinlock_init
                0xffff00000008c484       0x14 /home/alexis/Documents/nanvix/hal/lib/libhal-qemu-arm64.a(event.qemu-arm64.o)
 .text.default_handler
                0xffff00000008c498        0x8 /home/alexis/Documents/nanvix/hal/lib/libhal-qemu-arm64.a(event.qemu-arm64.o)
 .text.event_setup
                0xffff00000008c4a0       0x84 /home/alexis/Documents/nanvix/hal/lib/libhal-qemu-arm64.a(event.qemu-arm64.o)
                0xffff00000008c4a0                event_setup
 .text.pde_clear
                0xffff00000008c524       0x3c /home/alexis/Documents/nanvix/hal/lib/libhal-qemu-arm64.a(memory.qemu-arm64.o)
 .text.mmu_page_map
                0xffff00000008c560       0x3c /home/alexis/Documents/nanvix/hal/lib/libhal-qemu-arm64.a(memory.qemu-arm64.o)
 .text.mmu_pgtab_map
                0xffff00000008c59c       0x2c /home/alexis/Documents/nanvix/hal/lib/libhal-qemu-arm64.a(memory.qemu-arm64.o)
 .text.arm64_mcall_cpu_id
                0xffff00000008c5c8        0xc /home/alexis/Documents/nanvix/hal/lib/libhal-qemu-arm64.a(memory.qemu-arm64.o)
 .text.arm64_core_get_id
                0xffff00000008c5d4       0x14 /home/alexis/Documents/nanvix/hal/lib/libhal-qemu-arm64.a(memory.qemu-arm64.o)
 .text.core_get_id
                0xffff00000008c5e8       0x14 /home/alexis/Documents/nanvix/hal/lib/libhal-qemu-arm64.a(memory.qemu-arm64.o)
 .text.tlb_init
                0xffff00000008c5fc        0x8 /home/alexis/Documents/nanvix/hal/lib/libhal-qemu-arm64.a(memory.qemu-arm64.o)
 .text.tlb_load
                0xffff00000008c604       0x14 /home/alexis/Documents/nanvix/hal/lib/libhal-qemu-arm64.a(memory.qemu-arm64.o)
 .text.mem_warmup
                0xffff00000008c618        0x8 /home/alexis/Documents/nanvix/hal/lib/libhal-qemu-arm64.a(memory.qemu-arm64.o)
 .text.mem_info
                0xffff00000008c620      0x168 /home/alexis/Documents/nanvix/hal/lib/libhal-qemu-arm64.a(memory.qemu-arm64.o)
                0xffff00000008c620                mem_info
 .text.mem_check_align
                0xffff00000008c788      0x1a8 /home/alexis/Documents/nanvix/hal/lib/libhal-qemu-arm64.a(memory.qemu-arm64.o)
                0xffff00000008c788                mem_check_align
 .text.mem_check_layout
                0xffff00000008c930      0x110 /home/alexis/Documents/nanvix/hal/lib/libhal-qemu-arm64.a(memory.qemu-arm64.o)
                0xffff00000008c930                mem_check_layout
 .text.mem_map  0xffff00000008ca40      0x1f8 /home/alexis/Documents/nanvix/hal/lib/libhal-qemu-arm64.a(memory.qemu-arm64.o)
                0xffff00000008ca40                mem_map
 .text.mem_setup
                0xffff00000008cc38       0x4c /home/alexis/Documents/nanvix/hal/lib/libhal-qemu-arm64.a(memory.qemu-arm64.o)
                0xffff00000008cc38                mem_setup
 .text.__timer_init
                0xffff00000008cc84       0x20 /home/alexis/Documents/nanvix/hal/lib/libhal-qemu-arm64.a(timer.qemu-arm64.o)
 .text.clock_read
                0xffff00000008cca4       0x10 /home/alexis/Documents/nanvix/hal/lib/libhal-qemu-arm64.a(timer.qemu-arm64.o)
 .text.timer_init
                0xffff00000008ccb4       0x48 /home/alexis/Documents/nanvix/hal/lib/libhal-qemu-arm64.a(timer.qemu-arm64.o)
                0xffff00000008ccb4                timer_init
 .text.interrupts_disable
                0xffff00000008ccfc       0x18 /home/alexis/Documents/nanvix/hal/lib/libhal-qemu-arm64.a(kpanic.qemu-arm64.o)
 .text.kpanic   0xffff00000008cd14       0xe4 /home/alexis/Documents/nanvix/hal/lib/libhal-qemu-arm64.a(kpanic.qemu-arm64.o)
                0xffff00000008cd14                kpanic
 .text.kprintf  0xffff00000008cdf8       0xc8 /home/alexis/Documents/nanvix/hal/lib/libhal-qemu-arm64.a(kprintf.qemu-arm64.o)
                0xffff00000008cdf8                kprintf
 .text.kputs    0xffff00000008cec0       0x2c /home/alexis/Documents/nanvix/hal/lib/libhal-qemu-arm64.a(kputs.qemu-arm64.o)
                0xffff00000008cec0                kputs
 .text.uart_pl011_write
                0xffff00000008ceec       0xa0 /home/alexis/Documents/nanvix/hal/lib/libhal-qemu-arm64.a(pl011.qemu-arm64.o)
                0xffff00000008ceec                uart_pl011_write
 .text.uart_pl011_init
                0xffff00000008cf8c      0x16c /home/alexis/Documents/nanvix/hal/lib/libhal-qemu-arm64.a(pl011.qemu-arm64.o)
                0xffff00000008cf8c                uart_pl011_init
 .text.__strncpy
                0xffff00000008d0f8       0xac /home/alexis/Documents/nanvix/hal/lib/barelib-qemu-arm64.a(strncpy.qemu-arm64.o)
                0xffff00000008d0f8                __strncpy
 .text.itoa     0xffff00000008d1a4      0x188 /home/alexis/Documents/nanvix/hal/lib/barelib-qemu-arm64.a(vsprintf.qemu-arm64.o)
 .text.itoa64   0xffff00000008d32c      0x184 /home/alexis/Documents/nanvix/hal/lib/barelib-qemu-arm64.a(vsprintf.qemu-arm64.o)
 .text.count_digits
                0xffff00000008d4b0       0x4c /home/alexis/Documents/nanvix/hal/lib/barelib-qemu-arm64.a(vsprintf.qemu-arm64.o)
 .text.__vsnprintf
                0xffff00000008d4fc      0x51c /home/alexis/Documents/nanvix/hal/lib/barelib-qemu-arm64.a(vsprintf.qemu-arm64.o)
                0xffff00000008d4fc                __vsnprintf
 .text.__memset
                0xffff00000008da18       0x54 /home/alexis/Documents/nanvix/hal/lib/barelib-qemu-arm64.a(memset.qemu-arm64.o)
                0xffff00000008da18                __memset
 .text.__strlen
                0xffff00000008da6c       0x44 /home/alexis/Documents/nanvix/hal/lib/barelib-qemu-arm64.a(strlen.qemu-arm64.o)
                0xffff00000008da6c                __strlen
 .text.__memcpy
                0xffff00000008dab0      0x180 /home/alexis/Documents/nanvix/hal/lib/barelib-qemu-arm64.a(memcpy.qemu-arm64.o)
                0xffff00000008dab0                __memcpy
 .text.__div    0xffff00000008dc30       0x4c /home/alexis/Documents/nanvix/hal/lib/barelib-qemu-arm64.a(div.qemu-arm64.o)
                0xffff00000008dc30                __div
                0xffff00000008dc7c                __TEXT_END = .
                0xffff00000008dc7c                KERNEL_CODE_END = .

.iplt           0xffff00000008dc7c        0x0
 .iplt          0xffff00000008dc7c        0x0 main.qemu-arm64.o

.rela.dyn       0xffff00000008dc80        0x0
 .rela.iplt     0xffff00000008dc80        0x0 main.qemu-arm64.o
 .rela.text.test_resource_queue
                0xffff00000008dc80        0x0 main.qemu-arm64.o
 .rela.text.test_resource_list
                0xffff00000008dc80        0x0 main.qemu-arm64.o
 .rela.text.test_resource_cmp_vrf
                0xffff00000008dc80        0x0 main.qemu-arm64.o
 .rela.text     0xffff00000008dc80        0x0 main.qemu-arm64.o
 .rela.text.event_setup
                0xffff00000008dc80        0x0 main.qemu-arm64.o
 .rela.text.mem_info
                0xffff00000008dc80        0x0 main.qemu-arm64.o
                0xffff00000008e000                . = ALIGN (PAGE_SIZE)
                0xffff00000008e000                KERNEL_DATA_START = .

.data           0xffff00000008e000     0x1eb0
                0xffff00000008e000                __DATA_START = .
 *(.rodata)
 .rodata        0xffff00000008e000       0x51 main.qemu-arm64.o
 *fill*         0xffff00000008e051        0x7 
 .rodata        0xffff00000008e058      0x2ff core/mmu.qemu-arm64.o
 *fill*         0xffff00000008e357        0x1 
 .rodata        0xffff00000008e358      0x11e core/syscalls.qemu-arm64.o
 *fill*         0xffff00000008e476        0x2 
 .rodata        0xffff00000008e478      0x14d core/exception.qemu-arm64.o
 *fill*         0xffff00000008e5c5        0x3 
 .rodata        0xffff00000008e5c8       0x84 core/core.qemu-arm64.o
 *fill*         0xffff00000008e64c        0x4 
 .rodata        0xffff00000008e650      0x1cc core/arithmetic.qemu-arm64.o
 *fill*         0xffff00000008e81c        0x4 
 .rodata        0xffff00000008e820       0x80 core/upcall.qemu-arm64.o
 .rodata        0xffff00000008e8a0       0xca abstract/resource.qemu-arm64.o
 *fill*         0xffff00000008e96a        0x6 
 .rodata        0xffff00000008e970       0x39 /home/alexis/Documents/nanvix/hal/lib/libhal-qemu-arm64.a(resource.qemu-arm64.o)
 *fill*         0xffff00000008e9a9        0x7 
 .rodata        0xffff00000008e9b0       0x31 /home/alexis/Documents/nanvix/hal/lib/libhal-qemu-arm64.a(hal.qemu-arm64.o)
 *fill*         0xffff00000008e9e1        0x7 
 .rodata        0xffff00000008e9e8      0x583 /home/alexis/Documents/nanvix/hal/lib/libhal-qemu-arm64.a(excp.qemu-arm64.o)
 *fill*         0xffff00000008ef6b        0x5 
 .rodata        0xffff00000008ef70       0x70 /home/alexis/Documents/nanvix/hal/lib/libhal-qemu-arm64.a(mmu.qemu-arm64.o)
 .rodata        0xffff00000008efe0       0x40 /home/alexis/Documents/nanvix/hal/lib/libhal-qemu-arm64.a(int.qemu-arm64.o)
 .rodata        0xffff00000008f020      0x180 /home/alexis/Documents/nanvix/hal/lib/libhal-qemu-arm64.a(ctx.qemu-arm64.o)
 .rodata        0xffff00000008f1a0       0x1c /home/alexis/Documents/nanvix/hal/lib/libhal-qemu-arm64.a(cluster.qemu-arm64.o)
 *fill*         0xffff00000008f1bc        0x4 
 .rodata        0xffff00000008f1c0        0x7 /home/alexis/Documents/nanvix/hal/lib/libhal-qemu-arm64.a(memory.qemu-arm64.o)
 *fill*         0xffff00000008f1c7        0x1 
 .rodata        0xffff00000008f1c8       0xcb /home/alexis/Documents/nanvix/hal/lib/libhal-qemu-arm64.a(exception.qemu-arm64.o)
 *fill*         0xffff00000008f293        0x5 
 .rodata        0xffff00000008f298       0x37 /home/alexis/Documents/nanvix/hal/lib/libhal-qemu-arm64.a(core.qemu-arm64.o)
 *fill*         0xffff00000008f2cf        0x1 
 .rodata        0xffff00000008f2d0       0xc0 /home/alexis/Documents/nanvix/hal/lib/libhal-qemu-arm64.a(interrupt.qemu-arm64.o)
 .rodata        0xffff00000008f390       0x39 /home/alexis/Documents/nanvix/hal/lib/libhal-qemu-arm64.a(upcall.qemu-arm64.o)
 *fill*         0xffff00000008f3c9        0x7 
 .rodata        0xffff00000008f3d0      0x18d /home/alexis/Documents/nanvix/hal/lib/libhal-qemu-arm64.a(memory.qemu-arm64.o)
 *fill*         0xffff00000008f55d        0x3 
 .rodata        0xffff00000008f560        0x8 /home/alexis/Documents/nanvix/hal/lib/libhal-qemu-arm64.a(kpanic.qemu-arm64.o)
 *(.rodata.*)
 *(.data)
 *(.data.*)
 .data.HLINE    0xffff00000008f568        0x8 main.qemu-arm64.o
                0xffff00000008f568                HLINE
 .data.mmu_api_tests
                0xffff00000008f570       0xd0 core/mmu.qemu-arm64.o
 .data.mmu_fault_tests
                0xffff00000008f640       0xf0 core/mmu.qemu-arm64.o
 .data.trap_tests_api
                0xffff00000008f730       0x70 core/syscalls.qemu-arm64.o
 .data.exception_api_tests
                0xffff00000008f7a0       0x30 core/exception.qemu-arm64.o
 .data.exception_fault_tests
                0xffff00000008f7d0       0x40 core/exception.qemu-arm64.o
 .data.core_tests_api
                0xffff00000008f810       0x30 core/core.qemu-arm64.o
 .data.test_api_arithmetic
                0xffff00000008f840       0xc0 core/arithmetic.qemu-arm64.o
 .data.upcall_tests_api
                0xffff00000008f900       0x40 core/upcall.qemu-arm64.o
 .data.resource_tests_api
                0xffff00000008f940       0x40 abstract/resource.qemu-arm64.o
 .data.resource_enqueue
                0xffff00000008f980        0x8 /home/alexis/Documents/nanvix/hal/lib/libhal-qemu-arm64.a(resource.qemu-arm64.o)
                0xffff00000008f980                resource_enqueue
 .data.resource_dequeue
                0xffff00000008f988        0x8 /home/alexis/Documents/nanvix/hal/lib/libhal-qemu-arm64.a(resource.qemu-arm64.o)
                0xffff00000008f988                resource_dequeue
 .data.resource_push_front
                0xffff00000008f990        0x8 /home/alexis/Documents/nanvix/hal/lib/libhal-qemu-arm64.a(resource.qemu-arm64.o)
                0xffff00000008f990                resource_push_front
 .data.resource_push_back
                0xffff00000008f998        0x8 /home/alexis/Documents/nanvix/hal/lib/libhal-qemu-arm64.a(resource.qemu-arm64.o)
                0xffff00000008f998                resource_push_back
 .data.resource_insert
                0xffff00000008f9a0        0x8 /home/alexis/Documents/nanvix/hal/lib/libhal-qemu-arm64.a(resource.qemu-arm64.o)
                0xffff00000008f9a0                resource_insert
 .data.resource_insert_ordered
                0xffff00000008f9a8        0x8 /home/alexis/Documents/nanvix/hal/lib/libhal-qemu-arm64.a(resource.qemu-arm64.o)
                0xffff00000008f9a8                resource_insert_ordered
 .data.resource_pop
                0xffff00000008f9b0        0x8 /home/alexis/Documents/nanvix/hal/lib/libhal-qemu-arm64.a(resource.qemu-arm64.o)
                0xffff00000008f9b0                resource_pop
 .data.resource_pop_front
                0xffff00000008f9b8        0x8 /home/alexis/Documents/nanvix/hal/lib/libhal-qemu-arm64.a(resource.qemu-arm64.o)
                0xffff00000008f9b8                resource_pop_front
 .data.resource_pop_back
                0xffff00000008f9c0        0x8 /home/alexis/Documents/nanvix/hal/lib/libhal-qemu-arm64.a(resource.qemu-arm64.o)
                0xffff00000008f9c0                resource_pop_back
 .data.resource_remove
                0xffff00000008f9c8        0x8 /home/alexis/Documents/nanvix/hal/lib/libhal-qemu-arm64.a(resource.qemu-arm64.o)
                0xffff00000008f9c8                resource_remove
 .data.resource_remove_verify
                0xffff00000008f9d0        0x8 /home/alexis/Documents/nanvix/hal/lib/libhal-qemu-arm64.a(resource.qemu-arm64.o)
                0xffff00000008f9d0                resource_remove_verify
 .data.resource_search
                0xffff00000008f9d8        0x8 /home/alexis/Documents/nanvix/hal/lib/libhal-qemu-arm64.a(resource.qemu-arm64.o)
                0xffff00000008f9d8                resource_search
 .data.exceptions
                0xffff00000008f9e0      0x400 /home/alexis/Documents/nanvix/hal/lib/libhal-qemu-arm64.a(excp.qemu-arm64.o)
                0xffff00000008f9e0                exceptions
 .data.cores    0xffff00000008fde0       0x80 /home/alexis/Documents/nanvix/hal/lib/libhal-qemu-arm64.a(cluster.qemu-arm64.o)
                0xffff00000008fde0                cores
 .data.mem_layout
                0xffff00000008fe60       0x38 /home/alexis/Documents/nanvix/hal/lib/libhal-qemu-arm64.a(memory.qemu-arm64.o)
                0xffff00000008fe60                mem_layout
 .data.root_pgdir
                0xffff00000008fe98        0x8 /home/alexis/Documents/nanvix/hal/lib/libhal-qemu-arm64.a(memory.qemu-arm64.o)
                0xffff00000008fe98                root_pgdir
 .data.kernel_pgtab
                0xffff00000008fea0        0x8 /home/alexis/Documents/nanvix/hal/lib/libhal-qemu-arm64.a(memory.qemu-arm64.o)
                0xffff00000008fea0                kernel_pgtab
 .data.uart     0xffff00000008fea8        0x8 /home/alexis/Documents/nanvix/hal/lib/libhal-qemu-arm64.a(pl011.qemu-arm64.o)
                0xffff00000008feb0                __DATA_END = .

.igot.plt       0xffff00000008feb0        0x0
 .igot.plt      0xffff00000008feb0        0x0 main.qemu-arm64.o

.bss            0xffff000000090000     0x3128
                0xffff000000090000                __BSS_START = .
 *(.bss)
 *(.bss.*)
 .bss.fake_stack
                0xffff000000090000      0x190 core/upcall.qemu-arm64.o
 .bss.fake_context
                0xffff000000090190       0xf8 core/upcall.qemu-arm64.o
 .bss.logdev    0xffff000000090288      0x208 /home/alexis/Documents/nanvix/hal/lib/libhal-qemu-arm64.a(log.qemu-arm64.o)
 .bss.interrupt_handlers
                0xffff000000090490       0xe0 /home/alexis/Documents/nanvix/hal/lib/libhal-qemu-arm64.a(int.qemu-arm64.o)
                0xffff000000090490                interrupt_handlers
 .bss.arm64_frequency
                0xffff000000090570        0x4 /home/alexis/Documents/nanvix/hal/lib/libhal-qemu-arm64.a(timer.qemu-arm64.o)
 .bss.initialized
                0xffff000000090574        0x1 /home/alexis/Documents/nanvix/hal/lib/libhal-qemu-arm64.a(timer.qemu-arm64.o)
 *fill*         0xffff000000090575        0x3 
 .bss.timer_handler
                0xffff000000090578        0x8 /home/alexis/Documents/nanvix/hal/lib/libhal-qemu-arm64.a(interrupt.qemu-arm64.o)
 .bss.event_handler
                0xffff000000090580        0x8 /home/alexis/Documents/nanvix/hal/lib/libhal-qemu-arm64.a(interrupt.qemu-arm64.o)
 .bss.spurious  0xffff000000090588        0x4 /home/alexis/Documents/nanvix/hal/lib/libhal-qemu-arm64.a(interrupt.qemu-arm64.o)
 *fill*         0xffff00000009058c        0x4 
 .bss.timer_value
                0xffff000000090590        0x8 /home/alexis/Documents/nanvix/hal/lib/libhal-qemu-arm64.a(interrupt.qemu-arm64.o)
                0xffff000000090590                timer_value
 .bss._event_handler
                0xffff000000090598        0x8 /home/alexis/Documents/nanvix/hal/lib/libhal-qemu-arm64.a(event.qemu-arm64.o)
 *fill*         0xffff0000000905a0      0xa60 
 .bss.cluster_root_pgdir
                0xffff000000091000     0x1000 /home/alexis/Documents/nanvix/hal/lib/libhal-qemu-arm64.a(memory.qemu-arm64.o)
 .bss.cluster_root_pgtabs
                0xffff000000092000     0x1000 /home/alexis/Documents/nanvix/hal/lib/libhal-qemu-arm64.a(memory.qemu-arm64.o)
 .bss.clock_error
                0xffff000000093000        0x8 /home/alexis/Documents/nanvix/hal/lib/libhal-qemu-arm64.a(timer.qemu-arm64.o)
 .bss.initialized
                0xffff000000093008        0x1 /home/alexis/Documents/nanvix/hal/lib/libhal-qemu-arm64.a(pl011.qemu-arm64.o)
                0xffff000000093009                __BSS_END = .
 *fill*         0xffff000000093009        0x7 
 COMMON         0xffff000000093010       0xf0 abstract/resource.qemu-arm64.o
                0xffff000000093010                resources
 COMMON         0xffff000000093100       0x28 /home/alexis/Documents/nanvix/hal/lib/libhal-qemu-arm64.a(event.qemu-arm64.o)
                0xffff000000093100                event_lock
                0xffff000000093108                events
                0xffff000000093128                stack_base = .
                0xffff000000097128                stack_top = (. + 0x4000)
                0xffff000000097128                . = (. + 0x4000)
                0xffff000000098000                . = ALIGN (PAGE_SIZE)
                0xffff000000098000                KERNEL_DATA_END = .
                0xffff000000098000                . = ALIGN (PAGE_SIZE)
                0xffff000000098000                pg_tbl_start = .
                0xffff00000009b000                . = (. + 0x3000)
                0xffff00000009b000                pg_tbl_end = .
                0xffff00000009b000                ram_tbl_start = .
                0xffff00000009e000                . = (. + 0x3000)
                0xffff00000009e000                ram_tbl_end = .

/DISCARD/
 *(.comment)
 *(.note)
                0x0000000000003009                __BSS_SIZE = (__BSS_END - __BSS_START)
                0xffff00000009e000                KERNEL_END = .
OUTPUT(/home/alexis/Documents/nanvix/hal/bin/hal-tests.qemu-arm64 elf64-littleaarch64)
LOAD linker stubs

.debug_info     0x0000000000000000      0x6c7
 .debug_info    0x0000000000000000       0xc4 /home/alexis/Documents/nanvix/hal/lib/barelib-qemu-arm64.a(strncpy.qemu-arm64.o)
 .debug_info    0x00000000000000c4      0x344 /home/alexis/Documents/nanvix/hal/lib/barelib-qemu-arm64.a(vsprintf.qemu-arm64.o)
 .debug_info    0x0000000000000408       0xaa /home/alexis/Documents/nanvix/hal/lib/barelib-qemu-arm64.a(memset.qemu-arm64.o)
 .debug_info    0x00000000000004b2       0x95 /home/alexis/Documents/nanvix/hal/lib/barelib-qemu-arm64.a(strlen.qemu-arm64.o)
 .debug_info    0x0000000000000547      0x105 /home/alexis/Documents/nanvix/hal/lib/barelib-qemu-arm64.a(memcpy.qemu-arm64.o)
 .debug_info    0x000000000000064c       0x7b /home/alexis/Documents/nanvix/hal/lib/barelib-qemu-arm64.a(div.qemu-arm64.o)

.debug_abbrev   0x0000000000000000      0x3fc
 .debug_abbrev  0x0000000000000000       0x89 /home/alexis/Documents/nanvix/hal/lib/barelib-qemu-arm64.a(strncpy.qemu-arm64.o)
 .debug_abbrev  0x0000000000000089      0x15c /home/alexis/Documents/nanvix/hal/lib/barelib-qemu-arm64.a(vsprintf.qemu-arm64.o)
 .debug_abbrev  0x00000000000001e5       0x89 /home/alexis/Documents/nanvix/hal/lib/barelib-qemu-arm64.a(memset.qemu-arm64.o)
 .debug_abbrev  0x000000000000026e       0x89 /home/alexis/Documents/nanvix/hal/lib/barelib-qemu-arm64.a(strlen.qemu-arm64.o)
 .debug_abbrev  0x00000000000002f7       0xa6 /home/alexis/Documents/nanvix/hal/lib/barelib-qemu-arm64.a(memcpy.qemu-arm64.o)
 .debug_abbrev  0x000000000000039d       0x5f /home/alexis/Documents/nanvix/hal/lib/barelib-qemu-arm64.a(div.qemu-arm64.o)

.debug_aranges  0x0000000000000000      0x150
 .debug_aranges
                0x0000000000000000       0x30 /home/alexis/Documents/nanvix/hal/lib/barelib-qemu-arm64.a(strncpy.qemu-arm64.o)
 .debug_aranges
                0x0000000000000030       0x60 /home/alexis/Documents/nanvix/hal/lib/barelib-qemu-arm64.a(vsprintf.qemu-arm64.o)
 .debug_aranges
                0x0000000000000090       0x30 /home/alexis/Documents/nanvix/hal/lib/barelib-qemu-arm64.a(memset.qemu-arm64.o)
 .debug_aranges
                0x00000000000000c0       0x30 /home/alexis/Documents/nanvix/hal/lib/barelib-qemu-arm64.a(strlen.qemu-arm64.o)
 .debug_aranges
                0x00000000000000f0       0x30 /home/alexis/Documents/nanvix/hal/lib/barelib-qemu-arm64.a(memcpy.qemu-arm64.o)
 .debug_aranges
                0x0000000000000120       0x30 /home/alexis/Documents/nanvix/hal/lib/barelib-qemu-arm64.a(div.qemu-arm64.o)

.debug_ranges   0x0000000000000000       0xf0
 .debug_ranges  0x0000000000000000       0x20 /home/alexis/Documents/nanvix/hal/lib/barelib-qemu-arm64.a(strncpy.qemu-arm64.o)
 .debug_ranges  0x0000000000000020       0x50 /home/alexis/Documents/nanvix/hal/lib/barelib-qemu-arm64.a(vsprintf.qemu-arm64.o)
 .debug_ranges  0x0000000000000070       0x20 /home/alexis/Documents/nanvix/hal/lib/barelib-qemu-arm64.a(memset.qemu-arm64.o)
 .debug_ranges  0x0000000000000090       0x20 /home/alexis/Documents/nanvix/hal/lib/barelib-qemu-arm64.a(strlen.qemu-arm64.o)
 .debug_ranges  0x00000000000000b0       0x20 /home/alexis/Documents/nanvix/hal/lib/barelib-qemu-arm64.a(memcpy.qemu-arm64.o)
 .debug_ranges  0x00000000000000d0       0x20 /home/alexis/Documents/nanvix/hal/lib/barelib-qemu-arm64.a(div.qemu-arm64.o)

.debug_line     0x0000000000000000      0x6c3
 .debug_line    0x0000000000000000       0xc2 /home/alexis/Documents/nanvix/hal/lib/barelib-qemu-arm64.a(strncpy.qemu-arm64.o)
 .debug_line    0x00000000000000c2      0x358 /home/alexis/Documents/nanvix/hal/lib/barelib-qemu-arm64.a(vsprintf.qemu-arm64.o)
 .debug_line    0x000000000000041a       0xa0 /home/alexis/Documents/nanvix/hal/lib/barelib-qemu-arm64.a(memset.qemu-arm64.o)
 .debug_line    0x00000000000004ba       0xa9 /home/alexis/Documents/nanvix/hal/lib/barelib-qemu-arm64.a(strlen.qemu-arm64.o)
 .debug_line    0x0000000000000563      0x110 /home/alexis/Documents/nanvix/hal/lib/barelib-qemu-arm64.a(memcpy.qemu-arm64.o)
 .debug_line    0x0000000000000673       0x50 /home/alexis/Documents/nanvix/hal/lib/barelib-qemu-arm64.a(div.qemu-arm64.o)

.debug_str      0x0000000000000000      0x245
 .debug_str     0x0000000000000000      0x122 /home/alexis/Documents/nanvix/hal/lib/barelib-qemu-arm64.a(strncpy.qemu-arm64.o)
                                        0x134 (size before relaxing)
 .debug_str     0x0000000000000122       0xb2 /home/alexis/Documents/nanvix/hal/lib/barelib-qemu-arm64.a(vsprintf.qemu-arm64.o)
                                        0x1e1 (size before relaxing)
 .debug_str     0x00000000000001d4       0x20 /home/alexis/Documents/nanvix/hal/lib/barelib-qemu-arm64.a(memset.qemu-arm64.o)
                                        0x13b (size before relaxing)
 .debug_str     0x00000000000001f4       0x12 /home/alexis/Documents/nanvix/hal/lib/barelib-qemu-arm64.a(strlen.qemu-arm64.o)
                                        0x132 (size before relaxing)
 .debug_str     0x0000000000000206       0x33 /home/alexis/Documents/nanvix/hal/lib/barelib-qemu-arm64.a(memcpy.qemu-arm64.o)
                                        0x153 (size before relaxing)
 .debug_str     0x0000000000000239        0xc /home/alexis/Documents/nanvix/hal/lib/barelib-qemu-arm64.a(div.qemu-arm64.o)
                                        0x113 (size before relaxing)

.debug_frame    0x0000000000000000      0x190
 .debug_frame   0x0000000000000000       0x30 /home/alexis/Documents/nanvix/hal/lib/barelib-qemu-arm64.a(strncpy.qemu-arm64.o)
 .debug_frame   0x0000000000000030       0xa0 /home/alexis/Documents/nanvix/hal/lib/barelib-qemu-arm64.a(vsprintf.qemu-arm64.o)
 .debug_frame   0x00000000000000d0       0x30 /home/alexis/Documents/nanvix/hal/lib/barelib-qemu-arm64.a(memset.qemu-arm64.o)
 .debug_frame   0x0000000000000100       0x30 /home/alexis/Documents/nanvix/hal/lib/barelib-qemu-arm64.a(strlen.qemu-arm64.o)
 .debug_frame   0x0000000000000130       0x30 /home/alexis/Documents/nanvix/hal/lib/barelib-qemu-arm64.a(memcpy.qemu-arm64.o)
 .debug_frame   0x0000000000000160       0x30 /home/alexis/Documents/nanvix/hal/lib/barelib-qemu-arm64.a(div.qemu-arm64.o)
