Archive member included to satisfy reference by file (symbol)

/home/josef/hal/lib/libhal-qemu-arm64.a(_upcall.qemu-arm64.o)
                              (--whole-archive)
/home/josef/hal/lib/libhal-qemu-arm64.a(sysreg.qemu-arm64.o)
                              (--whole-archive)
/home/josef/hal/lib/libhal-qemu-arm64.a(exception.qemu-arm64.o)
                              (--whole-archive)
/home/josef/hal/lib/libhal-qemu-arm64.a(boot.qemu-arm64.o)
                              (--whole-archive)
/home/josef/hal/lib/libhal-qemu-arm64.a(_cluster.qemu-arm64.o)
                              (--whole-archive)
/home/josef/hal/lib/libhal-qemu-arm64.a(resource.qemu-arm64.o)
                              (--whole-archive)
/home/josef/hal/lib/libhal-qemu-arm64.a(log.qemu-arm64.o)
                              (--whole-archive)
/home/josef/hal/lib/libhal-qemu-arm64.a(hal.qemu-arm64.o)
                              (--whole-archive)
/home/josef/hal/lib/libhal-qemu-arm64.a(excp.qemu-arm64.o)
                              (--whole-archive)
/home/josef/hal/lib/libhal-qemu-arm64.a(machine.qemu-arm64.o)
                              (--whole-archive)
/home/josef/hal/lib/libhal-qemu-arm64.a(ivt.qemu-arm64.o)
                              (--whole-archive)
/home/josef/hal/lib/libhal-qemu-arm64.a(trap.qemu-arm64.o)
                              (--whole-archive)
/home/josef/hal/lib/libhal-qemu-arm64.a(perf.qemu-arm64.o)
                              (--whole-archive)
/home/josef/hal/lib/libhal-qemu-arm64.a(core.qemu-arm64.o)
                              (--whole-archive)
/home/josef/hal/lib/libhal-qemu-arm64.a(mmu.qemu-arm64.o)
                              (--whole-archive)
/home/josef/hal/lib/libhal-qemu-arm64.a(int.qemu-arm64.o)
                              (--whole-archive)
/home/josef/hal/lib/libhal-qemu-arm64.a(gic.qemu-arm64.o)
                              (--whole-archive)
/home/josef/hal/lib/libhal-qemu-arm64.a(timer.qemu-arm64.o)
                              (--whole-archive)
/home/josef/hal/lib/libhal-qemu-arm64.a(ctx.qemu-arm64.o)
                              (--whole-archive)
/home/josef/hal/lib/libhal-qemu-arm64.a(psci.qemu-arm64.o)
                              (--whole-archive)
/home/josef/hal/lib/libhal-qemu-arm64.a(cluster.qemu-arm64.o)
                              (--whole-archive)
/home/josef/hal/lib/libhal-qemu-arm64.a(memory.qemu-arm64.o)
                              (--whole-archive)
/home/josef/hal/lib/libhal-qemu-arm64.a(main.qemu-arm64.o)
                              (--whole-archive)
/home/josef/hal/lib/libhal-qemu-arm64.a(mmu.qemu-arm64.o)
                              (--whole-archive)
/home/josef/hal/lib/libhal-qemu-arm64.a(perf.qemu-arm64.o)
                              (--whole-archive)
/home/josef/hal/lib/libhal-qemu-arm64.a(exception.qemu-arm64.o)
                              (--whole-archive)
/home/josef/hal/lib/libhal-qemu-arm64.a(core.qemu-arm64.o)
                              (--whole-archive)
/home/josef/hal/lib/libhal-qemu-arm64.a(interrupt.qemu-arm64.o)
                              (--whole-archive)
/home/josef/hal/lib/libhal-qemu-arm64.a(context.qemu-arm64.o)
                              (--whole-archive)
/home/josef/hal/lib/libhal-qemu-arm64.a(upcall.qemu-arm64.o)
                              (--whole-archive)
/home/josef/hal/lib/libhal-qemu-arm64.a(cluster.qemu-arm64.o)
                              (--whole-archive)
/home/josef/hal/lib/libhal-qemu-arm64.a(event.qemu-arm64.o)
                              (--whole-archive)
/home/josef/hal/lib/libhal-qemu-arm64.a(memory.qemu-arm64.o)
                              (--whole-archive)
/home/josef/hal/lib/libhal-qemu-arm64.a(timer.qemu-arm64.o)
                              (--whole-archive)
/home/josef/hal/lib/libhal-qemu-arm64.a(kpanic.qemu-arm64.o)
                              (--whole-archive)
/home/josef/hal/lib/libhal-qemu-arm64.a(kprintf.qemu-arm64.o)
                              (--whole-archive)
/home/josef/hal/lib/libhal-qemu-arm64.a(kmemdump.qemu-arm64.o)
                              (--whole-archive)
/home/josef/hal/lib/libhal-qemu-arm64.a(kputs.qemu-arm64.o)
                              (--whole-archive)
/home/josef/hal/lib/libhal-qemu-arm64.a(mailbox.qemu-arm64.o)
                              (--whole-archive)
/home/josef/hal/lib/libhal-qemu-arm64.a(sync.qemu-arm64.o)
                              (--whole-archive)
/home/josef/hal/lib/libhal-qemu-arm64.a(portal.qemu-arm64.o)
                              (--whole-archive)
/home/josef/hal/lib/libhal-qemu-arm64.a(pl011.qemu-arm64.o)
                              (--whole-archive)
/home/josef/hal/lib/barelib-qemu-arm64.a(strncpy.qemu-arm64.o)
                              /home/josef/hal/lib/libhal-qemu-arm64.a(kpanic.qemu-arm64.o) (__strncpy)
/home/josef/hal/lib/barelib-qemu-arm64.a(vsprintf.qemu-arm64.o)
                              /home/josef/hal/lib/libhal-qemu-arm64.a(kpanic.qemu-arm64.o) (__vsnprintf)
[...]
Memory Configuration

Name             Origin             Length             Attributes
*default*        0x0000000000000000 0xffffffffffffffff

Linker script and memory map

LOAD core/arch/arm64.qemu-arm64.o
LOAD main.qemu-arm64.o
LOAD core/mmu.qemu-arm64.o
LOAD core/perf.qemu-arm64.o
LOAD core/syscalls.qemu-arm64.o
LOAD core/exception.qemu-arm64.o
LOAD core/core.qemu-arm64.o
LOAD core/interrupt.qemu-arm64.o
LOAD core/spinlock.qemu-arm64.o
LOAD core/arithmetic.qemu-arm64.o
LOAD core/upcall.qemu-arm64.o
LOAD core/tlb.qemu-arm64.o
LOAD cluster/cores.qemu-arm64.o
LOAD cluster/timer.qemu-arm64.o
LOAD processor/dnoc.qemu-arm64.o
LOAD processor/clusters.qemu-arm64.o
LOAD processor/noc.qemu-arm64.o
LOAD processor/cnoc.qemu-arm64.o
LOAD target/mailbox.qemu-arm64.o
LOAD target/sync.qemu-arm64.o
LOAD target/portal.qemu-arm64.o
LOAD stress/combination.qemu-arm64.o
LOAD stress/mailbox.qemu-arm64.o
LOAD stress/api.qemu-arm64.o
LOAD stress/vsyscall.qemu-arm64.o
LOAD stress/portal.qemu-arm64.o
LOAD stress/barrier.qemu-arm64.o
LOAD abstract/resource.qemu-arm64.o
LOAD utils/semaphore.qemu-arm64.o
LOAD utils/fence.qemu-arm64.o
LOAD /home/josef/hal/lib/libhal-qemu-arm64.a
START GROUP
END GROUP
LOAD /home/josef/hal/lib/barelib-qemu-arm64.a
LOAD /home/josef/opt/cross/lib/gcc/aarch64-elf/7.5.0/libgcc.a
                0x0000000000001000                PAGE_SIZE = 0x1000
                0x0000000040080000                RAM_BASE = 0x40080000
                0x0000000040080000                BOOT_ADDR = RAM_BASE
                0xffff000000080000                . = 0xffff000000080000
                0xffff000000080000                KERNEL_CODE_START = .

.bootstrap      0xffff000000080000      0x248
                0xffff000000080000                __BOOTSTRAP_START = .
 *boot*.o(.*)
 .text          0xffff000000080000      0x248 /home/josef/hal/lib/libhal-qemu-arm64.a(boot.qemu-arm64.o)
                0xffff000000080000                _do_start
                0xffff0000000801f4                psci_v0_2_cpu_turn_on
                0xffff000000080248                __BOOTSTRAP_END = .
                0xffff000000081000                . = ALIGN (PAGE_SIZE)

.text           0xffff000000081000     0xd760
                0xffff000000081000                __TEXT_START = .
 *(.text)
 .text          0xffff000000081000        0x8 core/arch/arm64.qemu-arm64.o
                0xffff000000081000                _upcall_issue
                0xffff000000081004                _upcall_issue_ret
 *fill*         0xffff000000081008       0xf8 
 .text          0xffff000000081100        0x4 /home/josef/hal/lib/libhal-qemu-arm64.a(_upcall.qemu-arm64.o)
                0xffff000000081100                arm64_upcall_ret
 *fill*         0xffff000000081104        0x4 
 .text          0xffff000000081108      0x190 /home/josef/hal/lib/libhal-qemu-arm64.a(sysreg.qemu-arm64.o)
                0xffff0000000811d8                arm64_invalidate_d_cache_fast
                0xffff0000000811e4                arm64_invalidate_i_cache_fast
                0xffff0000000811f4                arm64_invalidate_tlb
                0xffff000000081238                arm64_invalidate_tlb_fn
                0xffff000000081244                arm64_enable_mmu
 *fill*         0xffff000000081298      0x568 
 .text          0xffff000000081800     0x1120 /home/josef/hal/lib/libhal-qemu-arm64.a(exception.qemu-arm64.o)
                0xffff000000081800                _exception_vector_table
 *(.text.*)
 .text.cluster_poweroff
                0xffff000000082920        0xc main.qemu-arm64.o
 .text.processor_poweroff
                0xffff00000008292c        0xc main.qemu-arm64.o
 .text.target_poweroff
                0xffff000000082938        0xc main.qemu-arm64.o
 .text.test_core_al
                0xffff000000082944       0x34 main.qemu-arm64.o
 .text.test_cluster_al
                0xffff000000082978        0x8 main.qemu-arm64.o
 .text.test_processor_al
                0xffff000000082980        0x8 main.qemu-arm64.o
 .text.test_target_al
                0xffff000000082988        0x8 main.qemu-arm64.o
 .text.kmain    0xffff000000082990       0x30 main.qemu-arm64.o
                0xffff000000082990                kmain
 .text._kassert
                0xffff0000000829c0       0x68 core/mmu.qemu-arm64.o
 .text.pde_clear
                0xffff000000082a28       0x3c core/mmu.qemu-arm64.o
 .text.pde_frame_set
                0xffff000000082a64       0x5c core/mmu.qemu-arm64.o
 .text.pde_present_set
                0xffff000000082ac0       0x4c core/mmu.qemu-arm64.o
 .text.pde_is_present
                0xffff000000082b0c       0x34 core/mmu.qemu-arm64.o
 .text.pde_frame_get
                0xffff000000082b40       0x50 core/mmu.qemu-arm64.o
 .text.pde_write_set
                0xffff000000082b90       0x4c core/mmu.qemu-arm64.o
 .text.pde_is_write
                0xffff000000082bdc       0x34 core/mmu.qemu-arm64.o
 .text.pde_user_set
                0xffff000000082c10       0x4c core/mmu.qemu-arm64.o
 .text.pde_is_user
                0xffff000000082c5c       0x34 core/mmu.qemu-arm64.o
 .text.pte_clear
                0xffff000000082c90       0x3c core/mmu.qemu-arm64.o
 .text.pte_present_set
                0xffff000000082ccc       0x4c core/mmu.qemu-arm64.o
 .text.pte_is_present
                0xffff000000082d18       0x34 core/mmu.qemu-arm64.o
 .text.pte_frame_set
                0xffff000000082d4c       0x5c core/mmu.qemu-arm64.o
 .text.pte_frame_get
                0xffff000000082da8       0x50 core/mmu.qemu-arm64.o
 .text.pte_user_set
                0xffff000000082df8       0x4c core/mmu.qemu-arm64.o
 .text.pte_is_user
                0xffff000000082e44       0x34 core/mmu.qemu-arm64.o
 .text.pte_write_set
                0xffff000000082e78       0x7c core/mmu.qemu-arm64.o
 .text.pte_is_write
                0xffff000000082ef4       0x34 core/mmu.qemu-arm64.o
 .text.pte_idx_get
                0xffff000000082f28       0x20 core/mmu.qemu-arm64.o
 .text.pde_idx_get
                0xffff000000082f48       0x18 core/mmu.qemu-arm64.o
 .text.pde_get  0xffff000000082f60       0x44 core/mmu.qemu-arm64.o
 .text.pte_get  0xffff000000082fa4       0x44 core/mmu.qemu-arm64.o
 .text.mmu_pte_clear
                0xffff000000082fe8       0x7c core/mmu.qemu-arm64.o
 .text.mmu_pde_clear
                0xffff000000083064       0x7c core/mmu.qemu-arm64.o
 .text.mmu_pte_frame_set
                0xffff0000000830e0       0x84 core/mmu.qemu-arm64.o
 .text.mmu_pde_frame_set
                0xffff000000083164       0x84 core/mmu.qemu-arm64.o
 .text.mmu_pte_present_set
                0xffff0000000831e8       0xb0 core/mmu.qemu-arm64.o
 .text.mmu_pde_present_set
                0xffff000000083298       0xb0 core/mmu.qemu-arm64.o
 .text.mmu_pte_user_set
                0xffff000000083348       0xb0 core/mmu.qemu-arm64.o
 .text.mmu_pde_user_set
                0xffff0000000833f8       0xb0 core/mmu.qemu-arm64.o
 .text.mmu_pte_write_set
                0xffff0000000834a8       0xb0 core/mmu.qemu-arm64.o
 .text.mmu_pde_write_set
                0xffff000000083558       0xb0 core/mmu.qemu-arm64.o
 .text.mmu_pte_get
                0xffff000000083608       0x5c core/mmu.qemu-arm64.o
 .text.mmu_pde_get
                0xffff000000083664       0x5c core/mmu.qemu-arm64.o
 .text.mmu_pte_clear_inval
                0xffff0000000836c0       0x50 core/mmu.qemu-arm64.o
 .text.mmu_pde_clear_inval
                0xffff000000083710       0x50 core/mmu.qemu-arm64.o
 .text.mmu_pte_frame_set_inval
                0xffff000000083760       0x5c core/mmu.qemu-arm64.o
 .text.mmu_pde_frame_set_inval
                0xffff0000000837bc       0x5c core/mmu.qemu-arm64.o
 .text.mmu_pte_frame_set_inval2
                0xffff000000083818       0x54 core/mmu.qemu-arm64.o
 .text.mmu_pde_frame_set_inval2
                0xffff00000008386c       0x54 core/mmu.qemu-arm64.o
 .text.mmu_pte_present_set_inval
                0xffff0000000838c0       0x54 core/mmu.qemu-arm64.o
 .text.mmu_pde_present_set_inval
                0xffff000000083914       0x54 core/mmu.qemu-arm64.o
 .text.mmu_pte_user_set_inval
                0xffff000000083968       0x54 core/mmu.qemu-arm64.o
 .text.mmu_pde_user_set_inval
                0xffff0000000839bc       0x54 core/mmu.qemu-arm64.o
 .text.mmu_pte_write_set_inval
                0xffff000000083a10       0x54 core/mmu.qemu-arm64.o
 .text.mmu_pde_write_set_inval
                0xffff000000083a64       0x54 core/mmu.qemu-arm64.o
 .text.mmu_pte_get_inval
                0xffff000000083ab8       0x54 core/mmu.qemu-arm64.o
 .text.mmu_pde_get_inval
                0xffff000000083b0c       0x54 core/mmu.qemu-arm64.o
 .text.test_mmu
                0xffff000000083b60      0x11c core/mmu.qemu-arm64.o
                0xffff000000083b60                test_mmu
 .text._kassert
                0xffff000000083c7c       0x68 core/syscalls.qemu-arm64.o
 .text.arm64_kcall0
                0xffff000000083ce4       0x30 core/syscalls.qemu-arm64.o
 .text.arm64_kcall1
                0xffff000000083d14       0x34 core/syscalls.qemu-arm64.o
 .text.arm64_kcall2
                0xffff000000083d48       0x38 core/syscalls.qemu-arm64.o
 .text.arm64_kcall3
                0xffff000000083d80       0x3c core/syscalls.qemu-arm64.o
 .text.arm64_kcall4
                0xffff000000083dbc       0x40 core/syscalls.qemu-arm64.o
 .text.arm64_kcall5
                0xffff000000083dfc       0x44 core/syscalls.qemu-arm64.o
 .text.kcall0   0xffff000000083e40       0x1c core/syscalls.qemu-arm64.o
 .text.kcall1   0xffff000000083e5c       0x24 core/syscalls.qemu-arm64.o
 .text.kcall2   0xffff000000083e80       0x2c core/syscalls.qemu-arm64.o
 .text.kcall3   0xffff000000083eac       0x34 core/syscalls.qemu-arm64.o
 .text.kcall4   0xffff000000083ee0       0x3c core/syscalls.qemu-arm64.o
 .text.kcall5   0xffff000000083f1c       0x44 core/syscalls.qemu-arm64.o
 .text.do_kcall
                0xffff000000083f60      0x1ac core/syscalls.qemu-arm64.o
                0xffff000000083f60                do_kcall
 .text.test_trap_issue0
                0xffff00000008410c       0x5c core/syscalls.qemu-arm64.o
 .text.test_trap_issue1
                0xffff000000084168       0x64 core/syscalls.qemu-arm64.o
 .text.test_trap_issue2
                0xffff0000000841cc       0x6c core/syscalls.qemu-arm64.o
 .text.test_trap_issue3
                0xffff000000084238       0x74 core/syscalls.qemu-arm64.o
 .text.test_trap_issue4
                0xffff0000000842ac       0x7c core/syscalls.qemu-arm64.o
 .text.test_trap_issue5
                0xffff000000084328       0x84 core/syscalls.qemu-arm64.o
 .text.test_trap
                0xffff0000000843ac       0x98 core/syscalls.qemu-arm64.o
                0xffff0000000843ac                test_trap
 .text._kassert
                0xffff000000084444       0x68 core/exception.qemu-arm64.o
 .text.dummy_handler
                0xffff0000000844ac       0x18 core/exception.qemu-arm64.o
 .text.test_exception_set_unset_handler
                0xffff0000000844c4       0x98 core/exception.qemu-arm64.o
 .text.test_trigger_exception
                0xffff00000008455c        0x8 core/exception.qemu-arm64.o
 .text.test_exception_register_inval
                0xffff000000084564       0xa4 core/exception.qemu-arm64.o
 .text.test_exception_unregister_inval
                0xffff000000084608       0x8c core/exception.qemu-arm64.o
 .text.test_exception_unregister_bad
                0xffff000000084694       0x50 core/exception.qemu-arm64.o
 .text.test_exception
                0xffff0000000846e4      0x11c core/exception.qemu-arm64.o
                0xffff0000000846e4                test_exception
 .text._kassert
                0xffff000000084800       0x68 core/core.qemu-arm64.o
 .text.arm64_mcall_cpu_id
                0xffff000000084868        0xc core/core.qemu-arm64.o
 .text.arm64_core_get_id
                0xffff000000084874       0x14 core/core.qemu-arm64.o
 .text.core_get_id
                0xffff000000084888       0x14 core/core.qemu-arm64.o
 .text.test_core_get_id
                0xffff00000008489c       0x54 core/core.qemu-arm64.o
 .text.test_core_poweroff
                0xffff0000000848f0        0x8 core/core.qemu-arm64.o
 .text.test_core
                0xffff0000000848f8       0x98 core/core.qemu-arm64.o
                0xffff0000000848f8                test_core
 .text._kassert
                0xffff000000084990       0x68 core/arithmetic.qemu-arm64.o
 .text.test_api_byte
                0xffff0000000849f8      0x498 core/arithmetic.qemu-arm64.o
 .text.test_api_hword
                0xffff000000084e90      0x488 core/arithmetic.qemu-arm64.o
 .text.test_api_word
                0xffff000000085318      0x490 core/arithmetic.qemu-arm64.o
 .text.test_api_char
                0xffff0000000857a8      0x498 core/arithmetic.qemu-arm64.o
 .text.test_api_short
                0xffff000000085c40      0x490 core/arithmetic.qemu-arm64.o
 .text.test_api_int
                0xffff0000000860d0      0x488 core/arithmetic.qemu-arm64.o
 .text.test_api_unsigned_int
                0xffff000000086558      0x488 core/arithmetic.qemu-arm64.o
 .text.test_api_long
                0xffff0000000869e0      0x490 core/arithmetic.qemu-arm64.o
 .text.test_api_unsigned_long
                0xffff000000086e70      0x490 core/arithmetic.qemu-arm64.o
 .text.test_api_int32_t
                0xffff000000087300      0x4b0 core/arithmetic.qemu-arm64.o
 .text.test_api_uint32_t
                0xffff0000000877b0      0x4b0 core/arithmetic.qemu-arm64.o
 .text.test_arithmetic
                0xffff000000087c60       0x98 core/arithmetic.qemu-arm64.o
                0xffff000000087c60                test_arithmetic
 .text._kassert
                0xffff000000087cf8       0x68 core/upcall.qemu-arm64.o
 .text.context_get_sp
                0xffff000000087d60       0x14 core/upcall.qemu-arm64.o
 .text.context_get_pc
                0xffff000000087d74       0x14 core/upcall.qemu-arm64.o
 .text.context_set_sp
                0xffff000000087d88       0x18 core/upcall.qemu-arm64.o
 .text.context_set_pc
                0xffff000000087da0       0x18 core/upcall.qemu-arm64.o
 .text.dumb_upcall
                0xffff000000087db8       0x5c core/upcall.qemu-arm64.o
                0xffff000000087db8                dumb_upcall
 .text.test_upcall_forge
                0xffff000000087e14      0x2a0 core/upcall.qemu-arm64.o
 .text.test_upcall_issue
                0xffff0000000880b4      0x100 core/upcall.qemu-arm64.o
 .text.test_upcall
                0xffff0000000881b4       0x98 core/upcall.qemu-arm64.o
                0xffff0000000881b4                test_upcall
 .text.test_tlb
                0xffff00000008824c        0x8 core/tlb.qemu-arm64.o
                0xffff00000008824c                test_tlb
 .text._kassert
                0xffff000000088254       0x68 abstract/resource.qemu-arm64.o
 .text.test_resource_queue
                0xffff0000000882bc      0x2e0 abstract/resource.qemu-arm64.o
 .text.test_resource_list
                0xffff00000008859c     0x11a0 abstract/resource.qemu-arm64.o
 .text.test_incresing
                0xffff00000008973c       0x38 abstract/resource.qemu-arm64.o
 .text.test_decreasing
                0xffff000000089774       0x38 abstract/resource.qemu-arm64.o
 .text.test_verify_id_odd
                0xffff0000000897ac       0x28 abstract/resource.qemu-arm64.o
 .text.test_verify_id_all
                0xffff0000000897d4       0x20 abstract/resource.qemu-arm64.o
 .text.test_resource_cmp_vrf
                0xffff0000000897f4      0xf98 abstract/resource.qemu-arm64.o
 .text.test_abstract_resource
                0xffff00000008a78c       0x98 abstract/resource.qemu-arm64.o
                0xffff00000008a78c                test_abstract_resource
 .text._kassert
                0xffff00000008a824       0x68 /home/josef/hal/lib/libhal-qemu-arm64.a(resource.qemu-arm64.o)
 .text.resource_dumb_push_front
                0xffff00000008a88c       0xc4 /home/josef/hal/lib/libhal-qemu-arm64.a(resource.qemu-arm64.o)
 .text.resource_dumb_push_back
                0xffff00000008a950       0xcc /home/josef/hal/lib/libhal-qemu-arm64.a(resource.qemu-arm64.o)
 .text.resource_dumb_insert
                0xffff00000008aa1c      0x15c /home/josef/hal/lib/libhal-qemu-arm64.a(resource.qemu-arm64.o)
 .text.resource_dumb_insert_ordered
                0xffff00000008ab78      0x170 /home/josef/hal/lib/libhal-qemu-arm64.a(resource.qemu-arm64.o)
 .text.__resource_remove
                0xffff00000008ace8       0xfc /home/josef/hal/lib/libhal-qemu-arm64.a(resource.qemu-arm64.o)
 .text.resource_dumb_remove_pos
                0xffff00000008ade4      0x19c /home/josef/hal/lib/libhal-qemu-arm64.a(resource.qemu-arm64.o)
 .text.resource_dumb_pop_front
                0xffff00000008af80       0x80 /home/josef/hal/lib/libhal-qemu-arm64.a(resource.qemu-arm64.o)
 .text.resource_dumb_pop_back
                0xffff00000008b000       0x8c /home/josef/hal/lib/libhal-qemu-arm64.a(resource.qemu-arm64.o)
 .text.resource_dumb_remove_spec
                0xffff00000008b08c       0x80 /home/josef/hal/lib/libhal-qemu-arm64.a(resource.qemu-arm64.o)
 .text.resource_dumb_pop
                0xffff00000008b10c       0x84 /home/josef/hal/lib/libhal-qemu-arm64.a(resource.qemu-arm64.o)
 .text.resource_dumb_remove_verify
                0xffff00000008b190       0xd4 /home/josef/hal/lib/libhal-qemu-arm64.a(resource.qemu-arm64.o)
 .text.resource_dumb_search
                0xffff00000008b264       0x94 /home/josef/hal/lib/libhal-qemu-arm64.a(resource.qemu-arm64.o)
 .text.dcache_invalidate
                0xffff00000008b2f8       0x18 /home/josef/hal/lib/libhal-qemu-arm64.a(log.qemu-arm64.o)
 .text.arm64_mcall_cpu_id
                0xffff00000008b310        0xc /home/josef/hal/lib/libhal-qemu-arm64.a(log.qemu-arm64.o)
 .text.arm64_core_get_id
                0xffff00000008b31c       0x14 /home/josef/hal/lib/libhal-qemu-arm64.a(log.qemu-arm64.o)
 .text.core_get_id
                0xffff00000008b330       0x14 /home/josef/hal/lib/libhal-qemu-arm64.a(log.qemu-arm64.o)
 .text.qemu_arm64_stdout_init
                0xffff00000008b344       0x18 /home/josef/hal/lib/libhal-qemu-arm64.a(log.qemu-arm64.o)
 .text.qemu_arm64_stdout_write
                0xffff00000008b35c       0x28 /home/josef/hal/lib/libhal-qemu-arm64.a(log.qemu-arm64.o)
 .text.stdout_init
                0xffff00000008b384       0x18 /home/josef/hal/lib/libhal-qemu-arm64.a(log.qemu-arm64.o)
 .text.stdout_write
                0xffff00000008b39c       0x28 /home/josef/hal/lib/libhal-qemu-arm64.a(log.qemu-arm64.o)
 .text.hal_log_write
                0xffff00000008b3c4       0xb0 /home/josef/hal/lib/libhal-qemu-arm64.a(log.qemu-arm64.o)
                0xffff00000008b3c4                hal_log_write
 .text.hal_log_setup
                0xffff00000008b474       0x18 /home/josef/hal/lib/libhal-qemu-arm64.a(log.qemu-arm64.o)
                0xffff00000008b474                hal_log_setup
 .text._kassert
                0xffff00000008b48c       0x68 /home/josef/hal/lib/libhal-qemu-arm64.a(hal.qemu-arm64.o)
 .text.hal_init
                0xffff00000008b4f4       0x6c /home/josef/hal/lib/libhal-qemu-arm64.a(hal.qemu-arm64.o)
                0xffff00000008b4f4                hal_init
 .text.arm64_handle_exception
                0xffff00000008b560       0x78 /home/josef/hal/lib/libhal-qemu-arm64.a(excp.qemu-arm64.o)
                0xffff00000008b560                arm64_handle_exception
 .text.arm64_excp_dump
                0xffff00000008b5d8       0x40 /home/josef/hal/lib/libhal-qemu-arm64.a(excp.qemu-arm64.o)
                0xffff00000008b5d8                arm64_excp_dump
 .text.ivt_setup
                0xffff00000008b618       0x14 /home/josef/hal/lib/libhal-qemu-arm64.a(ivt.qemu-arm64.o)
                0xffff00000008b618                ivt_setup
 .text.arm64_core_do_kcall
                0xffff00000008b62c       0x48 /home/josef/hal/lib/libhal-qemu-arm64.a(trap.qemu-arm64.o)
                0xffff00000008b62c                arm64_core_do_kcall
 .text.arm64_perf_setup
                0xffff00000008b674       0x38 /home/josef/hal/lib/libhal-qemu-arm64.a(perf.qemu-arm64.o)
                0xffff00000008b674                arm64_perf_setup
 .text.arm64_core_poweroff
                0xffff00000008b6ac        0xc /home/josef/hal/lib/libhal-qemu-arm64.a(core.qemu-arm64.o)
                0xffff00000008b6ac                arm64_core_poweroff
 .text.pte_present_set
                0xffff00000008b6b8       0x4c /home/josef/hal/lib/libhal-qemu-arm64.a(mmu.qemu-arm64.o)
 .text.pte_frame_set
                0xffff00000008b704       0x5c /home/josef/hal/lib/libhal-qemu-arm64.a(mmu.qemu-arm64.o)
 .text.pte_is_user
                0xffff00000008b760       0x34 /home/josef/hal/lib/libhal-qemu-arm64.a(mmu.qemu-arm64.o)
 .text.pte_write_set
                0xffff00000008b794       0x7c /home/josef/hal/lib/libhal-qemu-arm64.a(mmu.qemu-arm64.o)
 .text.pte_exec_set
                0xffff00000008b810       0x64 /home/josef/hal/lib/libhal-qemu-arm64.a(mmu.qemu-arm64.o)
 .text.pte_idx_get
                0xffff00000008b874       0x20 /home/josef/hal/lib/libhal-qemu-arm64.a(mmu.qemu-arm64.o)
 .text.pde_idx_get
                0xffff00000008b894       0x18 /home/josef/hal/lib/libhal-qemu-arm64.a(mmu.qemu-arm64.o)
 .text.mmu_is_enabled
                0xffff00000008b8ac       0x1c /home/josef/hal/lib/libhal-qemu-arm64.a(mmu.qemu-arm64.o)
 .text.arm64_page_map
                0xffff00000008b8c8       0xe0 /home/josef/hal/lib/libhal-qemu-arm64.a(mmu.qemu-arm64.o)
                0xffff00000008b8c8                arm64_page_map
 .text.arm64_pgtab_map
                0xffff00000008b9a8       0xcc /home/josef/hal/lib/libhal-qemu-arm64.a(mmu.qemu-arm64.o)
                0xffff00000008b9a8                arm64_pgtab_map
 .text.arm64_mmu_setup
                0xffff00000008ba74      0x260 /home/josef/hal/lib/libhal-qemu-arm64.a(mmu.qemu-arm64.o)
                0xffff00000008ba74                arm64_mmu_setup
 .text.arm64_do_interrupt
                0xffff00000008bcd4       0x64 /home/josef/hal/lib/libhal-qemu-arm64.a(int.qemu-arm64.o)
                0xffff00000008bcd4                arm64_do_interrupt
 .text.arm64_gicd_enable_int
                0xffff00000008bd38       0x64 /home/josef/hal/lib/libhal-qemu-arm64.a(gic.qemu-arm64.o)
                0xffff00000008bd38                arm64_gicd_enable_int
 .text.arm64_gicd_clear_pending
                0xffff00000008bd9c       0x64 /home/josef/hal/lib/libhal-qemu-arm64.a(gic.qemu-arm64.o)
                0xffff00000008bd9c                arm64_gicd_clear_pending
 .text.arm64_enable_irq
                0xffff00000008be00        0xc /home/josef/hal/lib/libhal-qemu-arm64.a(gic.qemu-arm64.o)
                0xffff00000008be00                arm64_enable_irq
 .text.arm64_disable_irq
                0xffff00000008be0c        0xc /home/josef/hal/lib/libhal-qemu-arm64.a(gic.qemu-arm64.o)
                0xffff00000008be0c                arm64_disable_irq
 .text.arm64_gicd_probe_pending
                0xffff00000008be18       0x74 /home/josef/hal/lib/libhal-qemu-arm64.a(gic.qemu-arm64.o)
 .text.arm64_gicd_set_target
                0xffff00000008be8c       0xcc /home/josef/hal/lib/libhal-qemu-arm64.a(gic.qemu-arm64.o)
 .text.arm64_gicd_set_priority
                0xffff00000008bf58       0xd4 /home/josef/hal/lib/libhal-qemu-arm64.a(gic.qemu-arm64.o)
 .text.arm64_gicd_config
                0xffff00000008c02c       0xd4 /home/josef/hal/lib/libhal-qemu-arm64.a(gic.qemu-arm64.o)
 .text.arm64_gic_eoi
                0xffff00000008c100       0x20 /home/josef/hal/lib/libhal-qemu-arm64.a(gic.qemu-arm64.o)
                0xffff00000008c100                arm64_gic_eoi
 .text.arm64_gic_find_pending_irq
                0xffff00000008c120       0x4c /home/josef/hal/lib/libhal-qemu-arm64.a(gic.qemu-arm64.o)
                0xffff00000008c120                arm64_gic_find_pending_irq
 .text.arm64_gic_configure_timer
                0xffff00000008c16c       0x48 /home/josef/hal/lib/libhal-qemu-arm64.a(gic.qemu-arm64.o)
                0xffff00000008c16c                arm64_gic_configure_timer
 .text.arm64_timer_read_cntfrq_el0
                0xffff00000008c1b4       0x18 /home/josef/hal/lib/libhal-qemu-arm64.a(timer.qemu-arm64.o)
 .text.arm64_timer_read_cntvct_el0
                0xffff00000008c1cc       0x18 /home/josef/hal/lib/libhal-qemu-arm64.a(timer.qemu-arm64.o)
 .text.arm64_timer_write_cntv_cval_el0
                0xffff00000008c1e4       0x1c /home/josef/hal/lib/libhal-qemu-arm64.a(timer.qemu-arm64.o)
 .text.arm64_timer_read_cntv_ctl
                0xffff00000008c200       0x18 /home/josef/hal/lib/libhal-qemu-arm64.a(timer.qemu-arm64.o)
 .text.arm64_timer_disable_cntv
                0xffff00000008c218       0x30 /home/josef/hal/lib/libhal-qemu-arm64.a(timer.qemu-arm64.o)
 .text.arm64_timer_enable_cntv
                0xffff00000008c248       0x30 /home/josef/hal/lib/libhal-qemu-arm64.a(timer.qemu-arm64.o)
 .text.arm64_timer_reset
                0xffff00000008c278       0x8c /home/josef/hal/lib/libhal-qemu-arm64.a(timer.qemu-arm64.o)
                0xffff00000008c278                arm64_timer_reset
 .text.arm64_timer_init
                0xffff00000008c304       0x80 /home/josef/hal/lib/libhal-qemu-arm64.a(timer.qemu-arm64.o)
                0xffff00000008c304                arm64_timer_init
 .text.arm64_mcall_cpu_id
                0xffff00000008c384        0xc /home/josef/hal/lib/libhal-qemu-arm64.a(ctx.qemu-arm64.o)
 .text.arm64_core_get_id
                0xffff00000008c390       0x14 /home/josef/hal/lib/libhal-qemu-arm64.a(ctx.qemu-arm64.o)
 .text.core_get_id
                0xffff00000008c3a4       0x14 /home/josef/hal/lib/libhal-qemu-arm64.a(ctx.qemu-arm64.o)
 .text.arm64_context_dump
                0xffff00000008c3b8      0x1a8 /home/josef/hal/lib/libhal-qemu-arm64.a(ctx.qemu-arm64.o)
                0xffff00000008c3b8                arm64_context_dump
 .text.arm64_mcall_cpu_id
                0xffff00000008c560        0xc /home/josef/hal/lib/libhal-qemu-arm64.a(cluster.qemu-arm64.o)
 .text.arm64_core_get_id
                0xffff00000008c56c       0x14 /home/josef/hal/lib/libhal-qemu-arm64.a(cluster.qemu-arm64.o)
 .text.arm64_cluster_setup
                0xffff00000008c580       0x40 /home/josef/hal/lib/libhal-qemu-arm64.a(cluster.qemu-arm64.o)
                0xffff00000008c580                arm64_cluster_setup
 .text.arm64_cluster_slave_setup
                0xffff00000008c5c0       0x10 /home/josef/hal/lib/libhal-qemu-arm64.a(cluster.qemu-arm64.o)
                0xffff00000008c5c0                arm64_cluster_slave_setup
 .text.arm64_cluster_master_setup
                0xffff00000008c5d0       0x18 /home/josef/hal/lib/libhal-qemu-arm64.a(cluster.qemu-arm64.o)
                0xffff00000008c5d0                arm64_cluster_master_setup
 .text.dcache_invalidate
                0xffff00000008c5e8       0x18 /home/josef/hal/lib/libhal-qemu-arm64.a(exception.qemu-arm64.o)
 .text.context_dump
                0xffff00000008c600       0x20 /home/josef/hal/lib/libhal-qemu-arm64.a(exception.qemu-arm64.o)
 .text.exception_dump
                0xffff00000008c620       0x20 /home/josef/hal/lib/libhal-qemu-arm64.a(exception.qemu-arm64.o)
 .text.default_handler
                0xffff00000008c640       0x2c /home/josef/hal/lib/libhal-qemu-arm64.a(exception.qemu-arm64.o)
 .text.exception_register
                0xffff00000008c66c      0x158 /home/josef/hal/lib/libhal-qemu-arm64.a(exception.qemu-arm64.o)
                0xffff00000008c66c                exception_register
 .text.exception_unregister
                0xffff00000008c7c4       0x98 /home/josef/hal/lib/libhal-qemu-arm64.a(exception.qemu-arm64.o)
                0xffff00000008c7c4                exception_unregister
 .text.exception_setup
                0xffff00000008c85c       0x80 /home/josef/hal/lib/libhal-qemu-arm64.a(exception.qemu-arm64.o)
                0xffff00000008c85c                exception_setup
 .text.mmu_setup
                0xffff00000008c8dc       0x18 /home/josef/hal/lib/libhal-qemu-arm64.a(core.qemu-arm64.o)
 .text.interrupts_disable
                0xffff00000008c8f4       0x18 /home/josef/hal/lib/libhal-qemu-arm64.a(core.qemu-arm64.o)
 .text.perf_setup
                0xffff00000008c90c       0x18 /home/josef/hal/lib/libhal-qemu-arm64.a(core.qemu-arm64.o)
 .text.core_halt
                0xffff00000008c924       0x1c /home/josef/hal/lib/libhal-qemu-arm64.a(core.qemu-arm64.o)
                0xffff00000008c924                core_halt
 .text.core_setup
                0xffff00000008c940       0x34 /home/josef/hal/lib/libhal-qemu-arm64.a(core.qemu-arm64.o)
                0xffff00000008c940                core_setup
 .text.dcache_invalidate
                0xffff00000008c974       0x18 /home/josef/hal/lib/libhal-qemu-arm64.a(interrupt.qemu-arm64.o)
 .text.interrupt_ack
                0xffff00000008c98c       0x20 /home/josef/hal/lib/libhal-qemu-arm64.a(interrupt.qemu-arm64.o)
 .text.interrupt_next
                0xffff00000008c9ac       0x14 /home/josef/hal/lib/libhal-qemu-arm64.a(interrupt.qemu-arm64.o)
 .text.timer_reset
                0xffff00000008c9c0       0x18 /home/josef/hal/lib/libhal-qemu-arm64.a(interrupt.qemu-arm64.o)
 .text.event_reset
                0xffff00000008c9d8        0x8 /home/josef/hal/lib/libhal-qemu-arm64.a(interrupt.qemu-arm64.o)
 .text.default_handler
                0xffff00000008c9e0       0x58 /home/josef/hal/lib/libhal-qemu-arm64.a(interrupt.qemu-arm64.o)
 .text.do_timer
                0xffff00000008ca38       0x60 /home/josef/hal/lib/libhal-qemu-arm64.a(interrupt.qemu-arm64.o)
 .text.do_event
                0xffff00000008ca98       0x4c /home/josef/hal/lib/libhal-qemu-arm64.a(interrupt.qemu-arm64.o)
 .text.do_interrupt
                0xffff00000008cae4       0xac /home/josef/hal/lib/libhal-qemu-arm64.a(interrupt.qemu-arm64.o)
                0xffff00000008cae4                do_interrupt
 .text.interrupt_setup
                0xffff00000008cb90       0xc4 /home/josef/hal/lib/libhal-qemu-arm64.a(interrupt.qemu-arm64.o)
                0xffff00000008cb90                interrupt_setup
 .text._kassert
                0xffff00000008cc54       0x68 /home/josef/hal/lib/libhal-qemu-arm64.a(upcall.qemu-arm64.o)
 .text.context_get_sp
                0xffff00000008ccbc       0x14 /home/josef/hal/lib/libhal-qemu-arm64.a(upcall.qemu-arm64.o)
 .text.context_set_sp
                0xffff00000008ccd0       0x18 /home/josef/hal/lib/libhal-qemu-arm64.a(upcall.qemu-arm64.o)
 .text.context_set_pc
                0xffff00000008cce8       0x18 /home/josef/hal/lib/libhal-qemu-arm64.a(upcall.qemu-arm64.o)
 .text.upcall_forge
                0xffff00000008cd00      0x14c /home/josef/hal/lib/libhal-qemu-arm64.a(upcall.qemu-arm64.o)
                0xffff00000008cd00                upcall_forge
 .text.dcache_invalidate
                0xffff00000008ce4c       0x18 /home/josef/hal/lib/libhal-qemu-arm64.a(cluster.qemu-arm64.o)
 .text.arm64_mcall_cpu_id
                0xffff00000008ce64        0xc /home/josef/hal/lib/libhal-qemu-arm64.a(cluster.qemu-arm64.o)
 .text.arm64_core_get_id
                0xffff00000008ce70       0x14 /home/josef/hal/lib/libhal-qemu-arm64.a(cluster.qemu-arm64.o)
 .text.core_get_id
                0xffff00000008ce84       0x14 /home/josef/hal/lib/libhal-qemu-arm64.a(cluster.qemu-arm64.o)
 .text.core_poweroff
                0xffff00000008ce98        0xc /home/josef/hal/lib/libhal-qemu-arm64.a(cluster.qemu-arm64.o)
 .text.spinlock_lock
                0xffff00000008cea4       0x14 /home/josef/hal/lib/libhal-qemu-arm64.a(cluster.qemu-arm64.o)
 .text.spinlock_unlock
                0xffff00000008ceb8       0x14 /home/josef/hal/lib/libhal-qemu-arm64.a(cluster.qemu-arm64.o)
 .text.core_shutdown
                0xffff00000008cecc       0x74 /home/josef/hal/lib/libhal-qemu-arm64.a(cluster.qemu-arm64.o)
                0xffff00000008cecc                core_shutdown
 .text.spinlock_init
                0xffff00000008cf40       0x14 /home/josef/hal/lib/libhal-qemu-arm64.a(event.qemu-arm64.o)
 .text.default_handler
                0xffff00000008cf54        0x8 /home/josef/hal/lib/libhal-qemu-arm64.a(event.qemu-arm64.o)
 .text.event_setup
                0xffff00000008cf5c       0x84 /home/josef/hal/lib/libhal-qemu-arm64.a(event.qemu-arm64.o)
                0xffff00000008cf5c                event_setup
 .text.pde_clear
                0xffff00000008cfe0       0x3c /home/josef/hal/lib/libhal-qemu-arm64.a(memory.qemu-arm64.o)
 .text.mmu_page_map
                0xffff00000008d01c       0x3c /home/josef/hal/lib/libhal-qemu-arm64.a(memory.qemu-arm64.o)
 .text.mmu_pgtab_map
                0xffff00000008d058       0x2c /home/josef/hal/lib/libhal-qemu-arm64.a(memory.qemu-arm64.o)
 .text.arm64_mcall_cpu_id
                0xffff00000008d084        0xc /home/josef/hal/lib/libhal-qemu-arm64.a(memory.qemu-arm64.o)
 .text.arm64_core_get_id
                0xffff00000008d090       0x14 /home/josef/hal/lib/libhal-qemu-arm64.a(memory.qemu-arm64.o)
 .text.core_get_id
                0xffff00000008d0a4       0x14 /home/josef/hal/lib/libhal-qemu-arm64.a(memory.qemu-arm64.o)
 .text.tlb_init
                0xffff00000008d0b8        0x8 /home/josef/hal/lib/libhal-qemu-arm64.a(memory.qemu-arm64.o)
 .text.tlb_load
                0xffff00000008d0c0       0x14 /home/josef/hal/lib/libhal-qemu-arm64.a(memory.qemu-arm64.o)
 .text.mem_warmup
                0xffff00000008d0d4        0x8 /home/josef/hal/lib/libhal-qemu-arm64.a(memory.qemu-arm64.o)
 .text.mem_info
                0xffff00000008d0dc      0x16c /home/josef/hal/lib/libhal-qemu-arm64.a(memory.qemu-arm64.o)
                0xffff00000008d0dc                mem_info
 .text.mem_check_align
                0xffff00000008d248      0x194 /home/josef/hal/lib/libhal-qemu-arm64.a(memory.qemu-arm64.o)
                0xffff00000008d248                mem_check_align
 .text.mem_check_layout
                0xffff00000008d3dc      0x104 /home/josef/hal/lib/libhal-qemu-arm64.a(memory.qemu-arm64.o)
                0xffff00000008d3dc                mem_check_layout
 .text.mem_map  0xffff00000008d4e0      0x1f8 /home/josef/hal/lib/libhal-qemu-arm64.a(memory.qemu-arm64.o)
                0xffff00000008d4e0                mem_map
 .text.mem_setup
                0xffff00000008d6d8       0x4c /home/josef/hal/lib/libhal-qemu-arm64.a(memory.qemu-arm64.o)
                0xffff00000008d6d8                mem_setup
 .text.__timer_init
                0xffff00000008d724       0x20 /home/josef/hal/lib/libhal-qemu-arm64.a(timer.qemu-arm64.o)
 .text.clock_read
                0xffff00000008d744       0x10 /home/josef/hal/lib/libhal-qemu-arm64.a(timer.qemu-arm64.o)
 .text.timer_init
                0xffff00000008d754       0x48 /home/josef/hal/lib/libhal-qemu-arm64.a(timer.qemu-arm64.o)
                0xffff00000008d754                timer_init
 .text.interrupts_disable
                0xffff00000008d79c       0x18 /home/josef/hal/lib/libhal-qemu-arm64.a(kpanic.qemu-arm64.o)
 .text.kpanic   0xffff00000008d7b4       0xe0 /home/josef/hal/lib/libhal-qemu-arm64.a(kpanic.qemu-arm64.o)
                0xffff00000008d7b4                kpanic
 .text.kprintf  0xffff00000008d894       0xc8 /home/josef/hal/lib/libhal-qemu-arm64.a(kprintf.qemu-arm64.o)
                0xffff00000008d894                kprintf
 .text.kputs    0xffff00000008d95c       0x2c /home/josef/hal/lib/libhal-qemu-arm64.a(kputs.qemu-arm64.o)
                0xffff00000008d95c                kputs
 .text.uart_pl011_write
                0xffff00000008d988       0x9c /home/josef/hal/lib/libhal-qemu-arm64.a(pl011.qemu-arm64.o)
                0xffff00000008d988                uart_pl011_write
 .text.uart_pl011_init
                0xffff00000008da24      0x16c /home/josef/hal/lib/libhal-qemu-arm64.a(pl011.qemu-arm64.o)
                0xffff00000008da24                uart_pl011_init
 .text.__strncpy
                0xffff00000008db90       0xac /home/josef/hal/lib/barelib-qemu-arm64.a(strncpy.qemu-arm64.o)
                0xffff00000008db90                __strncpy
 .text.itoa     0xffff00000008dc3c      0x188 /home/josef/hal/lib/barelib-qemu-arm64.a(vsprintf.qemu-arm64.o)
 .text.itoa64   0xffff00000008ddc4      0x184 /home/josef/hal/lib/barelib-qemu-arm64.a(vsprintf.qemu-arm64.o)
 .text.count_digits
                0xffff00000008df48       0x4c /home/josef/hal/lib/barelib-qemu-arm64.a(vsprintf.qemu-arm64.o)
 .text.__vsnprintf
                0xffff00000008df94      0x568 /home/josef/hal/lib/barelib-qemu-arm64.a(vsprintf.qemu-arm64.o)
                0xffff00000008df94                __vsnprintf
 .text.__memset
                0xffff00000008e4fc       0x54 /home/josef/hal/lib/barelib-qemu-arm64.a(memset.qemu-arm64.o)
                0xffff00000008e4fc                __memset
 .text.__strlen
                0xffff00000008e550       0x44 /home/josef/hal/lib/barelib-qemu-arm64.a(strlen.qemu-arm64.o)
                0xffff00000008e550                __strlen
 .text.__memcpy
                0xffff00000008e594      0x180 /home/josef/hal/lib/barelib-qemu-arm64.a(memcpy.qemu-arm64.o)
                0xffff00000008e594                __memcpy
 .text.__div    0xffff00000008e714       0x4c /home/josef/hal/lib/barelib-qemu-arm64.a(div.qemu-arm64.o)
                0xffff00000008e714                __div
                0xffff00000008e760                __TEXT_END = .
                0xffff00000008e760                KERNEL_CODE_END = .

.iplt           0xffff00000008e760        0x0
 .iplt          0xffff00000008e760        0x0 main.qemu-arm64.o

.rela.dyn       0xffff00000008e760        0x0
 .rela.iplt     0xffff00000008e760        0x0 main.qemu-arm64.o
 .rela.text.test_resource_queue
                0xffff00000008e760        0x0 main.qemu-arm64.o
 .rela.text.test_resource_list
                0xffff00000008e760        0x0 main.qemu-arm64.o
 .rela.text.test_resource_cmp_vrf
                0xffff00000008e760        0x0 main.qemu-arm64.o
 .rela.text     0xffff00000008e760        0x0 main.qemu-arm64.o
 .rela.text.arm64_mmu_setup
                0xffff00000008e760        0x0 main.qemu-arm64.o
 .rela.text.event_setup
                0xffff00000008e760        0x0 main.qemu-arm64.o
 .rela.text.mem_info
                0xffff00000008e760        0x0 main.qemu-arm64.o
                0xffff00000008f000                . = ALIGN (PAGE_SIZE)
                0xffff00000008f000                KERNEL_DATA_START = .

.data           0xffff00000008f000     0x1eb0
                0xffff00000008f000                __DATA_START = .
 *(.rodata)
 .rodata        0xffff00000008f000       0x51 main.qemu-arm64.o
 *fill*         0xffff00000008f051        0x7 
 .rodata        0xffff00000008f058      0x2ff core/mmu.qemu-arm64.o
 *fill*         0xffff00000008f357        0x1 
 .rodata        0xffff00000008f358      0x11e core/syscalls.qemu-arm64.o
 *fill*         0xffff00000008f476        0x2 
 .rodata        0xffff00000008f478      0x14d core/exception.qemu-arm64.o
 *fill*         0xffff00000008f5c5        0x3 
 .rodata        0xffff00000008f5c8       0x84 core/core.qemu-arm64.o
 *fill*         0xffff00000008f64c        0x4 
 .rodata        0xffff00000008f650      0x1cc core/arithmetic.qemu-arm64.o
 *fill*         0xffff00000008f81c        0x4 
 .rodata        0xffff00000008f820       0x80 core/upcall.qemu-arm64.o
 .rodata        0xffff00000008f8a0       0xca abstract/resource.qemu-arm64.o
 *fill*         0xffff00000008f96a        0x6 
 .rodata        0xffff00000008f970       0x39 /home/josef/hal/lib/libhal-qemu-arm64.a(resource.qemu-arm64.o)
 *fill*         0xffff00000008f9a9        0x7 
 .rodata        0xffff00000008f9b0       0x31 /home/josef/hal/lib/libhal-qemu-arm64.a(hal.qemu-arm64.o)
 *fill*         0xffff00000008f9e1        0x7 
 .rodata        0xffff00000008f9e8      0x583 /home/josef/hal/lib/libhal-qemu-arm64.a(excp.qemu-arm64.o)
 *fill*         0xffff00000008ff6b        0x5 
 .rodata        0xffff00000008ff70       0x70 /home/josef/hal/lib/libhal-qemu-arm64.a(mmu.qemu-arm64.o)
 .rodata        0xffff00000008ffe0       0x40 /home/josef/hal/lib/libhal-qemu-arm64.a(int.qemu-arm64.o)
 .rodata        0xffff000000090020      0x180 /home/josef/hal/lib/libhal-qemu-arm64.a(ctx.qemu-arm64.o)
 .rodata        0xffff0000000901a0       0x1c /home/josef/hal/lib/libhal-qemu-arm64.a(cluster.qemu-arm64.o)
 *fill*         0xffff0000000901bc        0x4 
 .rodata        0xffff0000000901c0        0x7 /home/josef/hal/lib/libhal-qemu-arm64.a(memory.qemu-arm64.o)
 *fill*         0xffff0000000901c7        0x1 
 .rodata        0xffff0000000901c8       0xcb /home/josef/hal/lib/libhal-qemu-arm64.a(exception.qemu-arm64.o)
 *fill*         0xffff000000090293        0x5 
 .rodata        0xffff000000090298       0x37 /home/josef/hal/lib/libhal-qemu-arm64.a(core.qemu-arm64.o)
 *fill*         0xffff0000000902cf        0x1 
 .rodata        0xffff0000000902d0       0xc0 /home/josef/hal/lib/libhal-qemu-arm64.a(interrupt.qemu-arm64.o)
 .rodata        0xffff000000090390       0x39 /home/josef/hal/lib/libhal-qemu-arm64.a(upcall.qemu-arm64.o)
 *fill*         0xffff0000000903c9        0x7 
 .rodata        0xffff0000000903d0      0x18d /home/josef/hal/lib/libhal-qemu-arm64.a(memory.qemu-arm64.o)
 *fill*         0xffff00000009055d        0x3 
 .rodata        0xffff000000090560        0x8 /home/josef/hal/lib/libhal-qemu-arm64.a(kpanic.qemu-arm64.o)
 *(.rodata.*)
 *(.data)
 *(.data.*)
 .data.HLINE    0xffff000000090568        0x8 main.qemu-arm64.o
                0xffff000000090568                HLINE
 .data.mmu_api_tests
                0xffff000000090570       0xd0 core/mmu.qemu-arm64.o
 .data.mmu_fault_tests
                0xffff000000090640       0xf0 core/mmu.qemu-arm64.o
 .data.trap_tests_api
                0xffff000000090730       0x70 core/syscalls.qemu-arm64.o
 .data.exception_api_tests
                0xffff0000000907a0       0x30 core/exception.qemu-arm64.o
 .data.exception_fault_tests
                0xffff0000000907d0       0x40 core/exception.qemu-arm64.o
 .data.core_tests_api
                0xffff000000090810       0x30 core/core.qemu-arm64.o
 .data.test_api_arithmetic
                0xffff000000090840       0xc0 core/arithmetic.qemu-arm64.o
 .data.upcall_tests_api
                0xffff000000090900       0x40 core/upcall.qemu-arm64.o
 .data.resource_tests_api
                0xffff000000090940       0x40 abstract/resource.qemu-arm64.o
 .data.resource_enqueue
                0xffff000000090980        0x8 /home/josef/hal/lib/libhal-qemu-arm64.a(resource.qemu-arm64.o)
                0xffff000000090980                resource_enqueue
 .data.resource_dequeue
                0xffff000000090988        0x8 /home/josef/hal/lib/libhal-qemu-arm64.a(resource.qemu-arm64.o)
                0xffff000000090988                resource_dequeue
 .data.resource_push_front
                0xffff000000090990        0x8 /home/josef/hal/lib/libhal-qemu-arm64.a(resource.qemu-arm64.o)
                0xffff000000090990                resource_push_front
 .data.resource_push_back
                0xffff000000090998        0x8 /home/josef/hal/lib/libhal-qemu-arm64.a(resource.qemu-arm64.o)
                0xffff000000090998                resource_push_back
 .data.resource_insert
                0xffff0000000909a0        0x8 /home/josef/hal/lib/libhal-qemu-arm64.a(resource.qemu-arm64.o)
                0xffff0000000909a0                resource_insert
 .data.resource_insert_ordered
                0xffff0000000909a8        0x8 /home/josef/hal/lib/libhal-qemu-arm64.a(resource.qemu-arm64.o)
                0xffff0000000909a8                resource_insert_ordered
 .data.resource_pop
                0xffff0000000909b0        0x8 /home/josef/hal/lib/libhal-qemu-arm64.a(resource.qemu-arm64.o)
                0xffff0000000909b0                resource_pop
 .data.resource_pop_front
                0xffff0000000909b8        0x8 /home/josef/hal/lib/libhal-qemu-arm64.a(resource.qemu-arm64.o)
                0xffff0000000909b8                resource_pop_front
 .data.resource_pop_back
                0xffff0000000909c0        0x8 /home/josef/hal/lib/libhal-qemu-arm64.a(resource.qemu-arm64.o)
                0xffff0000000909c0                resource_pop_back
 .data.resource_remove
                0xffff0000000909c8        0x8 /home/josef/hal/lib/libhal-qemu-arm64.a(resource.qemu-arm64.o)
                0xffff0000000909c8                resource_remove
 .data.resource_remove_verify
                0xffff0000000909d0        0x8 /home/josef/hal/lib/libhal-qemu-arm64.a(resource.qemu-arm64.o)
                0xffff0000000909d0                resource_remove_verify
 .data.resource_search
                0xffff0000000909d8        0x8 /home/josef/hal/lib/libhal-qemu-arm64.a(resource.qemu-arm64.o)
                0xffff0000000909d8                resource_search
 .data.exceptions
                0xffff0000000909e0      0x400 /home/josef/hal/lib/libhal-qemu-arm64.a(excp.qemu-arm64.o)
                0xffff0000000909e0                exceptions
 .data.cores    0xffff000000090de0       0x80 /home/josef/hal/lib/libhal-qemu-arm64.a(cluster.qemu-arm64.o)
                0xffff000000090de0                cores
 .data.mem_layout
                0xffff000000090e60       0x38 /home/josef/hal/lib/libhal-qemu-arm64.a(memory.qemu-arm64.o)
                0xffff000000090e60                mem_layout
 .data.root_pgdir
                0xffff000000090e98        0x8 /home/josef/hal/lib/libhal-qemu-arm64.a(memory.qemu-arm64.o)
                0xffff000000090e98                root_pgdir
 .data.kernel_pgtab
                0xffff000000090ea0        0x8 /home/josef/hal/lib/libhal-qemu-arm64.a(memory.qemu-arm64.o)
                0xffff000000090ea0                kernel_pgtab
 .data.uart     0xffff000000090ea8        0x8 /home/josef/hal/lib/libhal-qemu-arm64.a(pl011.qemu-arm64.o)
                0xffff000000090eb0                __DATA_END = .

.igot.plt       0xffff000000090eb0        0x0
 .igot.plt      0xffff000000090eb0        0x0 main.qemu-arm64.o

.bss            0xffff000000091000     0x3128
                0xffff000000091000                __BSS_START = .
 *(.bss)
 *(.bss.*)
 .bss.fake_stack
                0xffff000000091000      0x190 core/upcall.qemu-arm64.o
 .bss.fake_context
                0xffff000000091190       0xf8 core/upcall.qemu-arm64.o
 .bss.logdev    0xffff000000091288      0x208 /home/josef/hal/lib/libhal-qemu-arm64.a(log.qemu-arm64.o)
 .bss.interrupt_handlers
                0xffff000000091490       0xe0 /home/josef/hal/lib/libhal-qemu-arm64.a(int.qemu-arm64.o)
                0xffff000000091490                interrupt_handlers
 .bss.arm64_frequency
                0xffff000000091570        0x4 /home/josef/hal/lib/libhal-qemu-arm64.a(timer.qemu-arm64.o)
 .bss.initialized
                0xffff000000091574        0x1 /home/josef/hal/lib/libhal-qemu-arm64.a(timer.qemu-arm64.o)
 *fill*         0xffff000000091575        0x3 
 .bss.timer_handler
                0xffff000000091578        0x8 /home/josef/hal/lib/libhal-qemu-arm64.a(interrupt.qemu-arm64.o)
 .bss.event_handler
                0xffff000000091580        0x8 /home/josef/hal/lib/libhal-qemu-arm64.a(interrupt.qemu-arm64.o)
 .bss.spurious  0xffff000000091588        0x4 /home/josef/hal/lib/libhal-qemu-arm64.a(interrupt.qemu-arm64.o)
 *fill*         0xffff00000009158c        0x4 
 .bss.timer_value
                0xffff000000091590        0x8 /home/josef/hal/lib/libhal-qemu-arm64.a(interrupt.qemu-arm64.o)
                0xffff000000091590                timer_value
 .bss._event_handler
                0xffff000000091598        0x8 /home/josef/hal/lib/libhal-qemu-arm64.a(event.qemu-arm64.o)
 *fill*         0xffff0000000915a0      0xa60 
 .bss.cluster_root_pgdir
                0xffff000000092000     0x1000 /home/josef/hal/lib/libhal-qemu-arm64.a(memory.qemu-arm64.o)
 .bss.cluster_root_pgtabs
                0xffff000000093000     0x1000 /home/josef/hal/lib/libhal-qemu-arm64.a(memory.qemu-arm64.o)
 .bss.clock_error
                0xffff000000094000        0x8 /home/josef/hal/lib/libhal-qemu-arm64.a(timer.qemu-arm64.o)
 .bss.initialized
                0xffff000000094008        0x1 /home/josef/hal/lib/libhal-qemu-arm64.a(pl011.qemu-arm64.o)
                0xffff000000094009                __BSS_END = .
 *fill*         0xffff000000094009        0x7 
 COMMON         0xffff000000094010       0xf0 abstract/resource.qemu-arm64.o
                0xffff000000094010                resources
 COMMON         0xffff000000094100       0x28 /home/josef/hal/lib/libhal-qemu-arm64.a(event.qemu-arm64.o)
                0xffff000000094100                event_lock
                0xffff000000094108                events
                0xffff000000094128                stack_base = .
                0xffff000000098128                stack_top = (. + 0x4000)
                0xffff000000098128                . = (. + 0x4000)
                0xffff000000099000                . = ALIGN (PAGE_SIZE)
                0xffff000000099000                KERNEL_DATA_END = .
                0xffff000000099000                . = ALIGN (PAGE_SIZE)
                0xffff000000099000                pg_tbl_start = .
                0xffff00000009c000                . = (. + 0x3000)
                0xffff00000009c000                pg_tbl_end = .
                0xffff00000009c000                ram_tbl_start = .
                0xffff00000009f000                . = (. + 0x3000)
                0xffff00000009f000                ram_tbl_end = .

/DISCARD/
 *(.comment)
 *(.note)
                0x0000000000003009                __BSS_SIZE = (__BSS_END - __BSS_START)
                0xffff00000009f000                KERNEL_END = .
OUTPUT(/home/josef/hal/bin/hal-tests.qemu-arm64 elf64-littleaarch64)
LOAD linker stubs

.debug_info     0x0000000000000000      0x685
 .debug_info    0x0000000000000000       0xbd /home/josef/hal/lib/barelib-qemu-arm64.a(strncpy.qemu-arm64.o)
 .debug_info    0x00000000000000bd      0x320 /home/josef/hal/lib/barelib-qemu-arm64.a(vsprintf.qemu-arm64.o)
 .debug_info    0x00000000000003dd       0xa4 /home/josef/hal/lib/barelib-qemu-arm64.a(memset.qemu-arm64.o)
 .debug_info    0x0000000000000481       0x91 /home/josef/hal/lib/barelib-qemu-arm64.a(strlen.qemu-arm64.o)
 .debug_info    0x0000000000000512       0xfc /home/josef/hal/lib/barelib-qemu-arm64.a(memcpy.qemu-arm64.o)
 .debug_info    0x000000000000060e       0x77 /home/josef/hal/lib/barelib-qemu-arm64.a(div.qemu-arm64.o)

.debug_abbrev   0x0000000000000000      0x3bc
 .debug_abbrev  0x0000000000000000       0x81 /home/josef/hal/lib/barelib-qemu-arm64.a(strncpy.qemu-arm64.o)
 .debug_abbrev  0x0000000000000081      0x144 /home/josef/hal/lib/barelib-qemu-arm64.a(vsprintf.qemu-arm64.o)
 .debug_abbrev  0x00000000000001c5       0x81 /home/josef/hal/lib/barelib-qemu-arm64.a(memset.qemu-arm64.o)
 .debug_abbrev  0x0000000000000246       0x81 /home/josef/hal/lib/barelib-qemu-arm64.a(strlen.qemu-arm64.o)
 .debug_abbrev  0x00000000000002c7       0x9c /home/josef/hal/lib/barelib-qemu-arm64.a(memcpy.qemu-arm64.o)
 .debug_abbrev  0x0000000000000363       0x59 /home/josef/hal/lib/barelib-qemu-arm64.a(div.qemu-arm64.o)

.debug_aranges  0x0000000000000000      0x150
 .debug_aranges
                0x0000000000000000       0x30 /home/josef/hal/lib/barelib-qemu-arm64.a(strncpy.qemu-arm64.o)
 .debug_aranges
                0x0000000000000030       0x60 /home/josef/hal/lib/barelib-qemu-arm64.a(vsprintf.qemu-arm64.o)
 .debug_aranges
                0x0000000000000090       0x30 /home/josef/hal/lib/barelib-qemu-arm64.a(memset.qemu-arm64.o)
 .debug_aranges
                0x00000000000000c0       0x30 /home/josef/hal/lib/barelib-qemu-arm64.a(strlen.qemu-arm64.o)
 .debug_aranges
                0x00000000000000f0       0x30 /home/josef/hal/lib/barelib-qemu-arm64.a(memcpy.qemu-arm64.o)
 .debug_aranges
                0x0000000000000120       0x30 /home/josef/hal/lib/barelib-qemu-arm64.a(div.qemu-arm64.o)

.debug_ranges   0x0000000000000000       0xf0
 .debug_ranges  0x0000000000000000       0x20 /home/josef/hal/lib/barelib-qemu-arm64.a(strncpy.qemu-arm64.o)
 .debug_ranges  0x0000000000000020       0x50 /home/josef/hal/lib/barelib-qemu-arm64.a(vsprintf.qemu-arm64.o)
 .debug_ranges  0x0000000000000070       0x20 /home/josef/hal/lib/barelib-qemu-arm64.a(memset.qemu-arm64.o)
 .debug_ranges  0x0000000000000090       0x20 /home/josef/hal/lib/barelib-qemu-arm64.a(strlen.qemu-arm64.o)
 .debug_ranges  0x00000000000000b0       0x20 /home/josef/hal/lib/barelib-qemu-arm64.a(memcpy.qemu-arm64.o)
 .debug_ranges  0x00000000000000d0       0x20 /home/josef/hal/lib/barelib-qemu-arm64.a(div.qemu-arm64.o)

.debug_line     0x0000000000000000      0x3f7
 .debug_line    0x0000000000000000       0x85 /home/josef/hal/lib/barelib-qemu-arm64.a(strncpy.qemu-arm64.o)
 .debug_line    0x0000000000000085      0x19f /home/josef/hal/lib/barelib-qemu-arm64.a(vsprintf.qemu-arm64.o)
 .debug_line    0x0000000000000224       0x7a /home/josef/hal/lib/barelib-qemu-arm64.a(memset.qemu-arm64.o)
 .debug_line    0x000000000000029e       0x83 /home/josef/hal/lib/barelib-qemu-arm64.a(strlen.qemu-arm64.o)
 .debug_line    0x0000000000000321       0x96 /home/josef/hal/lib/barelib-qemu-arm64.a(memcpy.qemu-arm64.o)
 .debug_line    0x00000000000003b7       0x40 /home/josef/hal/lib/barelib-qemu-arm64.a(div.qemu-arm64.o)

.debug_str      0x0000000000000000      0x233
 .debug_str     0x0000000000000000      0x110 /home/josef/hal/lib/barelib-qemu-arm64.a(strncpy.qemu-arm64.o)
                                        0x122 (size before relaxing)
 .debug_str     0x0000000000000110       0xb2 /home/josef/hal/lib/barelib-qemu-arm64.a(vsprintf.qemu-arm64.o)
                                        0x1cf (size before relaxing)
 .debug_str     0x00000000000001c2       0x20 /home/josef/hal/lib/barelib-qemu-arm64.a(memset.qemu-arm64.o)
                                        0x129 (size before relaxing)
 .debug_str     0x00000000000001e2       0x12 /home/josef/hal/lib/barelib-qemu-arm64.a(strlen.qemu-arm64.o)
                                        0x120 (size before relaxing)
 .debug_str     0x00000000000001f4       0x33 /home/josef/hal/lib/barelib-qemu-arm64.a(memcpy.qemu-arm64.o)
                                        0x141 (size before relaxing)
 .debug_str     0x0000000000000227        0xc /home/josef/hal/lib/barelib-qemu-arm64.a(div.qemu-arm64.o)
                                        0x101 (size before relaxing)

.debug_frame    0x0000000000000000      0x190
 .debug_frame   0x0000000000000000       0x30 /home/josef/hal/lib/barelib-qemu-arm64.a(strncpy.qemu-arm64.o)
 .debug_frame   0x0000000000000030       0xa0 /home/josef/hal/lib/barelib-qemu-arm64.a(vsprintf.qemu-arm64.o)
 .debug_frame   0x00000000000000d0       0x30 /home/josef/hal/lib/barelib-qemu-arm64.a(memset.qemu-arm64.o)
 .debug_frame   0x0000000000000100       0x30 /home/josef/hal/lib/barelib-qemu-arm64.a(strlen.qemu-arm64.o)
 .debug_frame   0x0000000000000130       0x30 /home/josef/hal/lib/barelib-qemu-arm64.a(memcpy.qemu-arm64.o)
 .debug_frame   0x0000000000000160       0x30 /home/josef/hal/lib/barelib-qemu-arm64.a(div.qemu-arm64.o)
